16:57:11 **** Incremental Build of configuration Debug for project Lab1 ****
make all 
'Building file: ../src/main.c'
'Invoking: MicroBlaze gcc compiler'
mb-gcc -Wall -O0 -g3 -c -fmessage-length=0 -MT"src/main.o" -I../../Lab1_bsp/microblaze_0/include -mlittle-endian -mcpu=v9.4 -mxl-soft-mul -Wl,--no-relax -MMD -MP -MF"src/main.d" -MT"src/main.o" -o "src/main.o" "../src/main.c"
../src/main.c:183:4: warning: "/*" within comment [-Wcomment]
   //*LED_DATA = (*SWITCHES_DATA << 1);
    ^
../src/main.c: In function 'main':
../src/main.c:200:21: error: void value not ignored as it ought to be
  unsigned int asd = test();
                     ^
../src/main.c:200:15: warning: unused variable 'asd' [-Wunused-variable]
  unsigned int asd = test();
               ^
make: *** [src/main.o] Fel 1
16:57:24 **** Auto Build of configuration Debug for project Lab1 ****
make all 
'Building file: ../src/main.c'
'Invoking: MicroBlaze gcc compiler'
mb-gcc -Wall -O0 -g3 -c -fmessage-length=0 -MT"src/main.o" -I../../Lab1_bsp/microblaze_0/include -mlittle-endian -mcpu=v9.4 -mxl-soft-mul -Wl,--no-relax -MMD -MP -MF"src/main.d" -MT"src/main.o" -o "src/main.o" "../src/main.c"
../src/main.c:183:4: warning: "/*" within comment [-Wcomment]
   //*LED_DATA = (*SWITCHES_DATA << 1);
    ^
../src/main.c: In function 'main':
../src/main.c:200:15: warning: unused variable 'asd' [-Wunused-variable]
  unsigned int asd = test();
               ^
'Finished building: ../src/main.c'
' '
'Building target: Lab1.elf'
'Invoking: MicroBlaze gcc linker'
mb-gcc -Wl,-T -Wl,../src/lscript.ld -L../../Lab1_bsp/microblaze_0/lib -mlittle-endian -mcpu=v9.4 -mxl-soft-mul -Wl,--no-relax -o "Lab1.elf"  ./src/main.o ./src/test.o   -Wl,--start-group,-lxil,-lgcc,-lc,--end-group
'Finished building target: Lab1.elf'
' '
'Invoking: MicroBlaze Print Size'
mb-size Lab1.elf  |tee "Lab1.elf.size"
   text	   data	    bss	    dec	    hex	filename
   6568	    344	   3256	  10168	   27b8	Lab1.elf
'Finished building: Lab1.elf.size'
' '
16:57:30 **** Incremental Build of configuration Debug for project Lab1 ****
make all 
make: Inget behöver göras för "all".
16:57:37 **** Incremental Build of configuration Debug for project Lab1 ****
make all 
make: Inget behöver göras för "all".
16:57:44 **** Incremental Build of configuration Debug for project Lab1 ****
make all 
make: Inget behöver göras för "all".
08:20:36 **** Build of project Lab2_bsp ****
make -k all 
"Running Make include in microblaze_0/libsrc/bram_v4_1/src"
make -C microblaze_0/libsrc/bram_v4_1/src -s include  "SHELL=CMD" "COMPILER=mb-gcc" "ARCHIVER=mb-ar" "COMPILER_FLAGS= -O2 -c -mcpu=v9.4 -mlittle-endian -mxl-soft-mul" "EXTRA_COMPILER_FLAGS=-g"
"Running Make include in microblaze_0/libsrc/cpu_v2_4/src"
make -C microblaze_0/libsrc/cpu_v2_4/src -s include  "SHELL=CMD" "COMPILER=mb-gcc" "ARCHIVER=mb-ar" "COMPILER_FLAGS= -O2 -c -mcpu=v9.4 -mlittle-endian -mxl-soft-mul" "EXTRA_COMPILER_FLAGS=-g"
"Running Make include in microblaze_0/libsrc/gpio_v4_1/src"
make -C microblaze_0/libsrc/gpio_v4_1/src -s include  "SHELL=CMD" "COMPILER=mb-gcc" "ARCHIVER=mb-ar" "COMPILER_FLAGS= -O2 -c -mcpu=v9.4 -mlittle-endian -mxl-soft-mul" "EXTRA_COMPILER_FLAGS=-g"
"Running Make include in microblaze_0/libsrc/intc_v3_5/src"
make -C microblaze_0/libsrc/intc_v3_5/src -s include  "SHELL=CMD" "COMPILER=mb-gcc" "ARCHIVER=mb-ar" "COMPILER_FLAGS= -O2 -c -mcpu=v9.4 -mlittle-endian -mxl-soft-mul" "EXTRA_COMPILER_FLAGS=-g"
"Running Make include in microblaze_0/libsrc/standalone_v5_4/src"
make -C microblaze_0/libsrc/standalone_v5_4/src -s include  "SHELL=CMD" "COMPILER=mb-gcc" "ARCHIVER=mb-ar" "COMPILER_FLAGS= -O2 -c -mcpu=v9.4 -mlittle-endian -mxl-soft-mul" "EXTRA_COMPILER_FLAGS=-g"
"Running Make include in microblaze_0/libsrc/tmrctr_v4_1/src"
make -C microblaze_0/libsrc/tmrctr_v4_1/src -s include  "SHELL=CMD" "COMPILER=mb-gcc" "ARCHIVER=mb-ar" "COMPILER_FLAGS= -O2 -c -mcpu=v9.4 -mlittle-endian -mxl-soft-mul" "EXTRA_COMPILER_FLAGS=-g"
"Running Make libs in microblaze_0/libsrc/bram_v4_1/src"
make -C microblaze_0/libsrc/bram_v4_1/src -s libs  "SHELL=CMD" "COMPILER=mb-gcc" "ARCHIVER=mb-ar" "COMPILER_FLAGS= -O2 -c -mcpu=v9.4 -mlittle-endian -mxl-soft-mul" "EXTRA_COMPILER_FLAGS=-g"
"Compiling bram"
mb-ar: creating ../../../lib/libxil.a
"Running Make libs in microblaze_0/libsrc/cpu_v2_4/src"
make -C microblaze_0/libsrc/cpu_v2_4/src -s libs  "SHELL=CMD" "COMPILER=mb-gcc" "ARCHIVER=mb-ar" "COMPILER_FLAGS= -O2 -c -mcpu=v9.4 -mlittle-endian -mxl-soft-mul" "EXTRA_COMPILER_FLAGS=-g"
"Compiling cpu"
"Running Make libs in microblaze_0/libsrc/gpio_v4_1/src"
make -C microblaze_0/libsrc/gpio_v4_1/src -s libs  "SHELL=CMD" "COMPILER=mb-gcc" "ARCHIVER=mb-ar" "COMPILER_FLAGS= -O2 -c -mcpu=v9.4 -mlittle-endian -mxl-soft-mul" "EXTRA_COMPILER_FLAGS=-g"
"Compiling gpio"
"Running Make libs in microblaze_0/libsrc/intc_v3_5/src"
make -C microblaze_0/libsrc/intc_v3_5/src -s libs  "SHELL=CMD" "COMPILER=mb-gcc" "ARCHIVER=mb-ar" "COMPILER_FLAGS= -O2 -c -mcpu=v9.4 -mlittle-endian -mxl-soft-mul" "EXTRA_COMPILER_FLAGS=-g"
"Compiling intc"
"Running Make libs in microblaze_0/libsrc/standalone_v5_4/src"
make -C microblaze_0/libsrc/standalone_v5_4/src -s libs  "SHELL=CMD" "COMPILER=mb-gcc" "ARCHIVER=mb-ar" "COMPILER_FLAGS= -O2 -c -mcpu=v9.4 -mlittle-endian -mxl-soft-mul" "EXTRA_COMPILER_FLAGS=-g"
"Compiling standalone";
"Running Make libs in microblaze_0/libsrc/tmrctr_v4_1/src"
make -C microblaze_0/libsrc/tmrctr_v4_1/src -s libs  "SHELL=CMD" "COMPILER=mb-gcc" "ARCHIVER=mb-ar" "COMPILER_FLAGS= -O2 -c -mcpu=v9.4 -mlittle-endian -mxl-soft-mul" "EXTRA_COMPILER_FLAGS=-g"
"Compiling tmrctr"
'Finished building libraries'

**** Build of configuration Debug for project Lab2 ****

Nothing to build for project Lab2
08:20:59 **** Auto Build of configuration Debug for project Lab2 ****
make all 
'Building file: ../src/main.c'
'Invoking: MicroBlaze gcc compiler'
mb-gcc -Wall -O0 -g3 -c -fmessage-length=0 -MT"src/main.o" -I../../Lab2_bsp/microblaze_0/include -mlittle-endian -mcpu=v9.4 -mxl-soft-mul -Wl,--no-relax -MMD -MP -MF"src/main.d" -MT"src/main.o" -o "src/main.o" "../src/main.c"
'Finished building: ../src/main.c'
' '
'Building target: Lab2.elf'
'Invoking: MicroBlaze gcc linker'
mb-gcc -Wl,-T -Wl,../src/lscript.ld -L../../Lab2_bsp/microblaze_0/lib -mlittle-endian -mcpu=v9.4 -mxl-soft-mul -Wl,--no-relax -o "Lab2.elf"  ./src/main.o   -Wl,--start-group,-lxil,-lgcc,-lc,--end-group
c:/xilinx/sdk/2016.1/gnu/microblaze/nt/bin/../lib/gcc/microblaze-xilinx-elf/5.2.0/../../../../microblaze-xilinx-elf/lib/le/crtinit.o: In function `_crtinit':
(.text+0x78): undefined reference to `main'
collect2.exe: error: ld returned 1 exit status
make: *** [Lab2.elf] Fel 1
08:22:06 **** Auto Build of configuration Debug for project Lab2 ****
make all 
'Building file: ../src/main.c'
'Invoking: MicroBlaze gcc compiler'
mb-gcc -Wall -O0 -g3 -c -fmessage-length=0 -MT"src/main.o" -I../../Lab2_bsp/microblaze_0/include -mlittle-endian -mcpu=v9.4 -mxl-soft-mul -Wl,--no-relax -MMD -MP -MF"src/main.d" -MT"src/main.o" -o "src/main.o" "../src/main.c"
'Finished building: ../src/main.c'
' '
'Building target: Lab2.elf'
'Invoking: MicroBlaze gcc linker'
mb-gcc -Wl,-T -Wl,../src/lscript.ld -L../../Lab2_bsp/microblaze_0/lib -mlittle-endian -mcpu=v9.4 -mxl-soft-mul -Wl,--no-relax -o "Lab2.elf"  ./src/main.o   -Wl,--start-group,-lxil,-lgcc,-lc,--end-group
'Finished building target: Lab2.elf'
' '
'Invoking: MicroBlaze Print Size'
mb-size Lab2.elf  |tee "Lab2.elf.size"
   text	   data	    bss	    dec	    hex	filename
   6428	    344	   3260	  10032	   2730	Lab2.elf
'Finished building: Lab2.elf.size'
' '
08:22:44 **** Incremental Build of configuration Debug for project Lab1 ****
make all 
make: Inget behöver göras för "all".
08:22:44 **** Incremental Build of configuration Debug for project Lab2 ****
make all 
make: Inget behöver göras för "all".
08:22:50 **** Incremental Build of configuration Debug for project Lab1 ****
make all 
make: Inget behöver göras för "all".
08:22:50 **** Incremental Build of configuration Debug for project Lab2 ****
make all 
make: Inget behöver göras för "all".
08:35:33 **** Auto Build of configuration Debug for project Lab2 ****
make all 
'Building file: ../src/main.c'
'Invoking: MicroBlaze gcc compiler'
mb-gcc -Wall -O0 -g3 -c -fmessage-length=0 -MT"src/main.o" -I../../Lab2_bsp/microblaze_0/include -mlittle-endian -mcpu=v9.4 -mxl-soft-mul -Wl,--no-relax -MMD -MP -MF"src/main.d" -MT"src/main.o" -o "src/main.o" "../src/main.c"
'Finished building: ../src/main.c'
' '
'Building target: Lab2.elf'
'Invoking: MicroBlaze gcc linker'
mb-gcc -Wl,-T -Wl,../src/lscript.ld -L../../Lab2_bsp/microblaze_0/lib -mlittle-endian -mcpu=v9.4 -mxl-soft-mul -Wl,--no-relax -o "Lab2.elf"  ./src/main.o   -Wl,--start-group,-lxil,-lgcc,-lc,--end-group
'Finished building target: Lab2.elf'
' '
'Invoking: MicroBlaze Print Size'
mb-size Lab2.elf  |tee "Lab2.elf.size"
   text	   data	    bss	    dec	    hex	filename
   6468	    344	   3260	  10072	   2758	Lab2.elf
'Finished building: Lab2.elf.size'
' '
08:36:28 **** Auto Build of configuration Debug for project Lab2 ****
make all 
'Building file: ../src/main.c'
'Invoking: MicroBlaze gcc compiler'
mb-gcc -Wall -O0 -g3 -c -fmessage-length=0 -MT"src/main.o" -I../../Lab2_bsp/microblaze_0/include -mlittle-endian -mcpu=v9.4 -mxl-soft-mul -Wl,--no-relax -MMD -MP -MF"src/main.d" -MT"src/main.o" -o "src/main.o" "../src/main.c"
'Finished building: ../src/main.c'
' '
'Building target: Lab2.elf'
'Invoking: MicroBlaze gcc linker'
mb-gcc -Wl,-T -Wl,../src/lscript.ld -L../../Lab2_bsp/microblaze_0/lib -mlittle-endian -mcpu=v9.4 -mxl-soft-mul -Wl,--no-relax -o "Lab2.elf"  ./src/main.o   -Wl,--start-group,-lxil,-lgcc,-lc,--end-group
'Finished building target: Lab2.elf'
' '
'Invoking: MicroBlaze Print Size'
mb-size Lab2.elf  |tee "Lab2.elf.size"
   text	   data	    bss	    dec	    hex	filename
   6464	    344	   3256	  10064	   2750	Lab2.elf
'Finished building: Lab2.elf.size'
' '
08:36:33 **** Incremental Build of configuration Debug for project Lab1 ****
make all 
make: Inget behöver göras för "all".
08:36:33 **** Incremental Build of configuration Debug for project Lab2 ****
make all 
make: Inget behöver göras för "all".
08:38:03 **** Auto Build of configuration Debug for project Lab2 ****
make all 
'Building file: ../src/main.c'
'Invoking: MicroBlaze gcc compiler'
mb-gcc -Wall -O0 -g3 -c -fmessage-length=0 -MT"src/main.o" -I../../Lab2_bsp/microblaze_0/include -mlittle-endian -mcpu=v9.4 -mxl-soft-mul -Wl,--no-relax -MMD -MP -MF"src/main.d" -MT"src/main.o" -o "src/main.o" "../src/main.c"
'Finished building: ../src/main.c'
' '
'Building target: Lab2.elf'
'Invoking: MicroBlaze gcc linker'
mb-gcc -Wl,-T -Wl,../src/lscript.ld -L../../Lab2_bsp/microblaze_0/lib -mlittle-endian -mcpu=v9.4 -mxl-soft-mul -Wl,--no-relax -o "Lab2.elf"  ./src/main.o   -Wl,--start-group,-lxil,-lgcc,-lc,--end-group
'Finished building target: Lab2.elf'
' '
'Invoking: MicroBlaze Print Size'
mb-size Lab2.elf  |tee "Lab2.elf.size"
   text	   data	    bss	    dec	    hex	filename
   6464	    344	   3256	  10064	   2750	Lab2.elf
'Finished building: Lab2.elf.size'
' '
08:38:06 **** Auto Build of configuration Debug for project Lab2 ****
make all 
'Building file: ../src/main.c'
'Invoking: MicroBlaze gcc compiler'
mb-gcc -Wall -O0 -g3 -c -fmessage-length=0 -MT"src/main.o" -I../../Lab2_bsp/microblaze_0/include -mlittle-endian -mcpu=v9.4 -mxl-soft-mul -Wl,--no-relax -MMD -MP -MF"src/main.d" -MT"src/main.o" -o "src/main.o" "../src/main.c"
'Finished building: ../src/main.c'
' '
'Building target: Lab2.elf'
'Invoking: MicroBlaze gcc linker'
mb-gcc -Wl,-T -Wl,../src/lscript.ld -L../../Lab2_bsp/microblaze_0/lib -mlittle-endian -mcpu=v9.4 -mxl-soft-mul -Wl,--no-relax -o "Lab2.elf"  ./src/main.o   -Wl,--start-group,-lxil,-lgcc,-lc,--end-group
'Finished building target: Lab2.elf'
' '
'Invoking: MicroBlaze Print Size'
mb-size Lab2.elf  |tee "Lab2.elf.size"
   text	   data	    bss	    dec	    hex	filename
   6464	    344	   3256	  10064	   2750	Lab2.elf
'Finished building: Lab2.elf.size'
' '
08:40:10 **** Auto Build of configuration Debug for project Lab2 ****
make all 
make: Inget behöver göras för "all".
08:40:56 **** Auto Build of configuration Debug for project Lab2 ****
make all 
make: Inget behöver göras för "all".
08:41:52 **** Auto Build of configuration Debug for project Lab2 ****
make all 
'Building file: ../src/displays.c'
'Invoking: MicroBlaze gcc compiler'
mb-gcc -Wall -O0 -g3 -c -fmessage-length=0 -MT"src/displays.o" -I../../Lab2_bsp/microblaze_0/include -mlittle-endian -mcpu=v9.4 -mxl-soft-mul -Wl,--no-relax -MMD -MP -MF"src/displays.d" -MT"src/displays.o" -o "src/displays.o" "../src/displays.c"
'Finished building: ../src/displays.c'
' '
'Building target: Lab2.elf'
'Invoking: MicroBlaze gcc linker'
mb-gcc -Wl,-T -Wl,../src/lscript.ld -L../../Lab2_bsp/microblaze_0/lib -mlittle-endian -mcpu=v9.4 -mxl-soft-mul -Wl,--no-relax -o "Lab2.elf"  ./src/displays.o ./src/main.o   -Wl,--start-group,-lxil,-lgcc,-lc,--end-group
'Finished building target: Lab2.elf'
' '
'Invoking: MicroBlaze Print Size'
mb-size Lab2.elf  |tee "Lab2.elf.size"
   text	   data	    bss	    dec	    hex	filename
   6464	    344	   3256	  10064	   2750	Lab2.elf
'Finished building: Lab2.elf.size'
' '
08:42:17 **** Auto Build of configuration Debug for project Lab2 ****
make all 
'Building file: ../src/displays.c'
'Invoking: MicroBlaze gcc compiler'
mb-gcc -Wall -O0 -g3 -c -fmessage-length=0 -MT"src/displays.o" -I../../Lab2_bsp/microblaze_0/include -mlittle-endian -mcpu=v9.4 -mxl-soft-mul -Wl,--no-relax -MMD -MP -MF"src/displays.d" -MT"src/displays.o" -o "src/displays.o" "../src/displays.c"
../src/displays.c: In function 'displayDigitAtIndex':
../src/displays.c:15:23: error: 'SEVEN_SEGMENT_DISPLAY_BASE' undeclared (first use in this function)
   *((unsigned int *) (SEVEN_SEGMENT_DISPLAY_BASE + index * 4)) =
                       ^
../src/displays.c:15:23: note: each undeclared identifier is reported only once for each function it appears in
../src/displays.c:16:5: error: 'display_codes' undeclared (first use in this function)
     display_codes[digit];
     ^
make: *** [src/displays.o] Fel 1
08:44:20 **** Auto Build of configuration Debug for project Lab2 ****
make all 
'Building file: ../src/displays.c'
'Invoking: MicroBlaze gcc compiler'
mb-gcc -Wall -O0 -g3 -c -fmessage-length=0 -MT"src/displays.o" -I../../Lab2_bsp/microblaze_0/include -mlittle-endian -mcpu=v9.4 -mxl-soft-mul -Wl,--no-relax -MMD -MP -MF"src/displays.d" -MT"src/displays.o" -o "src/displays.o" "../src/displays.c"
../src/displays.c: In function 'displayDigitAtIndex':
../src/displays.c:23:23: error: 'SEVEN_SEGMENT_DISPLAY_BASE' undeclared (first use in this function)
   *((unsigned int *) (SEVEN_SEGMENT_DISPLAY_BASE + index * 4)) =
                       ^
../src/displays.c:23:23: note: each undeclared identifier is reported only once for each function it appears in
make: *** [src/displays.o] Fel 1
08:45:20 **** Auto Build of configuration Debug for project Lab2 ****
make all 
'Building file: ../src/displays.c'
'Invoking: MicroBlaze gcc compiler'
mb-gcc -Wall -O0 -g3 -c -fmessage-length=0 -MT"src/displays.o" -I../../Lab2_bsp/microblaze_0/include -mlittle-endian -mcpu=v9.4 -mxl-soft-mul -Wl,--no-relax -MMD -MP -MF"src/displays.d" -MT"src/displays.o" -o "src/displays.o" "../src/displays.c"
../src/displays.c: In function 'displayDigitAtIndex':
../src/displays.c:10:46: error: expected ')' before ';' token
 #define SEVEN_SEGMENT_DISPLAY_BASE 0x44A00000;
                                              ^
../src/displays.c:25:23: note: in expansion of macro 'SEVEN_SEGMENT_DISPLAY_BASE'
   *((unsigned int *) (SEVEN_SEGMENT_DISPLAY_BASE + index * 4)) =
                       ^
make: *** [src/displays.o] Fel 1
08:45:23 **** Auto Build of configuration Debug for project Lab2 ****
make all 
'Building file: ../src/displays.c'
'Invoking: MicroBlaze gcc compiler'
mb-gcc -Wall -O0 -g3 -c -fmessage-length=0 -MT"src/displays.o" -I../../Lab2_bsp/microblaze_0/include -mlittle-endian -mcpu=v9.4 -mxl-soft-mul -Wl,--no-relax -MMD -MP -MF"src/displays.d" -MT"src/displays.o" -o "src/displays.o" "../src/displays.c"
'Finished building: ../src/displays.c'
' '
'Building target: Lab2.elf'
'Invoking: MicroBlaze gcc linker'
mb-gcc -Wl,-T -Wl,../src/lscript.ld -L../../Lab2_bsp/microblaze_0/lib -mlittle-endian -mcpu=v9.4 -mxl-soft-mul -Wl,--no-relax -o "Lab2.elf"  ./src/displays.o ./src/main.o   -Wl,--start-group,-lxil,-lgcc,-lc,--end-group
./src/main.o:(.rodata+0x0): multiple definition of `display_codes'
./src/displays.o:(.rodata+0x0): first defined here
collect2.exe: error: ld returned 1 exit status
make: *** [Lab2.elf] Fel 1
08:47:23 **** Auto Build of configuration Debug for project Lab2 ****
make all 
'Building file: ../src/main.c'
'Invoking: MicroBlaze gcc compiler'
mb-gcc -Wall -O0 -g3 -c -fmessage-length=0 -MT"src/main.o" -I../../Lab2_bsp/microblaze_0/include -mlittle-endian -mcpu=v9.4 -mxl-soft-mul -Wl,--no-relax -MMD -MP -MF"src/main.d" -MT"src/main.o" -o "src/main.o" "../src/main.c"
'Finished building: ../src/main.c'
' '
'Building target: Lab2.elf'
'Invoking: MicroBlaze gcc linker'
mb-gcc -Wl,-T -Wl,../src/lscript.ld -L../../Lab2_bsp/microblaze_0/lib -mlittle-endian -mcpu=v9.4 -mxl-soft-mul -Wl,--no-relax -o "Lab2.elf"  ./src/displays.o ./src/main.o   -Wl,--start-group,-lxil,-lgcc,-lc,--end-group
'Finished building target: Lab2.elf'
' '
'Invoking: MicroBlaze Print Size'
mb-size Lab2.elf  |tee "Lab2.elf.size"
   text	   data	    bss	    dec	    hex	filename
   6604	    344	   3260	  10208	   27e0	Lab2.elf
'Finished building: Lab2.elf.size'
' '
08:48:13 **** Auto Build of configuration Debug for project Lab2 ****
make all 
'Building file: ../src/main.c'
'Invoking: MicroBlaze gcc compiler'
mb-gcc -Wall -O0 -g3 -c -fmessage-length=0 -MT"src/main.o" -I../../Lab2_bsp/microblaze_0/include -mlittle-endian -mcpu=v9.4 -mxl-soft-mul -Wl,--no-relax -MMD -MP -MF"src/main.d" -MT"src/main.o" -o "src/main.o" "../src/main.c"
'Finished building: ../src/main.c'
' '
'Building target: Lab2.elf'
'Invoking: MicroBlaze gcc linker'
mb-gcc -Wl,-T -Wl,../src/lscript.ld -L../../Lab2_bsp/microblaze_0/lib -mlittle-endian -mcpu=v9.4 -mxl-soft-mul -Wl,--no-relax -o "Lab2.elf"  ./src/displays.o ./src/main.o   -Wl,--start-group,-lxil,-lgcc,-lc,--end-group
'Finished building target: Lab2.elf'
' '
'Invoking: MicroBlaze Print Size'
mb-size Lab2.elf  |tee "Lab2.elf.size"
   text	   data	    bss	    dec	    hex	filename
   6584	    344	   3248	  10176	   27c0	Lab2.elf
'Finished building: Lab2.elf.size'
' '
08:48:49 **** Incremental Build of configuration Debug for project Lab1 ****
make all 
make: Inget behöver göras för "all".
08:48:50 **** Incremental Build of configuration Debug for project Lab2 ****
make all 
make: Inget behöver göras för "all".
08:52:26 **** Auto Build of configuration Debug for project Lab2 ****
make all 
'Building file: ../src/displays.c'
'Invoking: MicroBlaze gcc compiler'
mb-gcc -Wall -O0 -g3 -c -fmessage-length=0 -MT"src/displays.o" -I../../Lab2_bsp/microblaze_0/include -mlittle-endian -mcpu=v9.4 -mxl-soft-mul -Wl,--no-relax -MMD -MP -MF"src/displays.d" -MT"src/displays.o" -o "src/displays.o" "../src/displays.c"
'Finished building: ../src/displays.c'
' '
'Building file: ../src/main.c'
'Invoking: MicroBlaze gcc compiler'
mb-gcc -Wall -O0 -g3 -c -fmessage-length=0 -MT"src/main.o" -I../../Lab2_bsp/microblaze_0/include -mlittle-endian -mcpu=v9.4 -mxl-soft-mul -Wl,--no-relax -MMD -MP -MF"src/main.d" -MT"src/main.o" -o "src/main.o" "../src/main.c"
'Finished building: ../src/main.c'
' '
'Building target: Lab2.elf'
'Invoking: MicroBlaze gcc linker'
mb-gcc -Wl,-T -Wl,../src/lscript.ld -L../../Lab2_bsp/microblaze_0/lib -mlittle-endian -mcpu=v9.4 -mxl-soft-mul -Wl,--no-relax -o "Lab2.elf"  ./src/displays.o ./src/main.o   -Wl,--start-group,-lxil,-lgcc,-lc,--end-group
'Finished building target: Lab2.elf'
' '
'Invoking: MicroBlaze Print Size'
mb-size Lab2.elf  |tee "Lab2.elf.size"
   text	   data	    bss	    dec	    hex	filename
   6584	    344	   3248	  10176	   27c0	Lab2.elf
'Finished building: Lab2.elf.size'
' '
08:52:29 **** Auto Build of configuration Debug for project Lab2 ****
make all 
'Building file: ../src/displays.c'
'Invoking: MicroBlaze gcc compiler'
mb-gcc -Wall -O0 -g3 -c -fmessage-length=0 -MT"src/displays.o" -I../../Lab2_bsp/microblaze_0/include -mlittle-endian -mcpu=v9.4 -mxl-soft-mul -Wl,--no-relax -MMD -MP -MF"src/displays.d" -MT"src/displays.o" -o "src/displays.o" "../src/displays.c"
'Finished building: ../src/displays.c'
' '
'Building file: ../src/main.c'
'Invoking: MicroBlaze gcc compiler'
mb-gcc -Wall -O0 -g3 -c -fmessage-length=0 -MT"src/main.o" -I../../Lab2_bsp/microblaze_0/include -mlittle-endian -mcpu=v9.4 -mxl-soft-mul -Wl,--no-relax -MMD -MP -MF"src/main.d" -MT"src/main.o" -o "src/main.o" "../src/main.c"
'Finished building: ../src/main.c'
' '
'Building target: Lab2.elf'
'Invoking: MicroBlaze gcc linker'
mb-gcc -Wl,-T -Wl,../src/lscript.ld -L../../Lab2_bsp/microblaze_0/lib -mlittle-endian -mcpu=v9.4 -mxl-soft-mul -Wl,--no-relax -o "Lab2.elf"  ./src/displays.o ./src/main.o   -Wl,--start-group,-lxil,-lgcc,-lc,--end-group
'Finished building target: Lab2.elf'
' '
'Invoking: MicroBlaze Print Size'
mb-size Lab2.elf  |tee "Lab2.elf.size"
   text	   data	    bss	    dec	    hex	filename
   6584	    344	   3248	  10176	   27c0	Lab2.elf
'Finished building: Lab2.elf.size'
' '
08:53:19 **** Auto Build of configuration Debug for project Lab2 ****
make all 
'Building file: ../src/displays.c'
'Invoking: MicroBlaze gcc compiler'
mb-gcc -Wall -O0 -g3 -c -fmessage-length=0 -MT"src/displays.o" -I../../Lab2_bsp/microblaze_0/include -mlittle-endian -mcpu=v9.4 -mxl-soft-mul -Wl,--no-relax -MMD -MP -MF"src/displays.d" -MT"src/displays.o" -o "src/displays.o" "../src/displays.c"
'Finished building: ../src/displays.c'
' '
'Building target: Lab2.elf'
'Invoking: MicroBlaze gcc linker'
mb-gcc -Wl,-T -Wl,../src/lscript.ld -L../../Lab2_bsp/microblaze_0/lib -mlittle-endian -mcpu=v9.4 -mxl-soft-mul -Wl,--no-relax -o "Lab2.elf"  ./src/displays.o ./src/main.o   -Wl,--start-group,-lxil,-lgcc,-lc,--end-group
'Finished building target: Lab2.elf'
' '
'Invoking: MicroBlaze Print Size'
mb-size Lab2.elf  |tee "Lab2.elf.size"
   text	   data	    bss	    dec	    hex	filename
   7244	    344	   3252	  10840	   2a58	Lab2.elf
'Finished building: Lab2.elf.size'
' '
08:59:19 **** Incremental Build of configuration Debug for project Lab1 ****
make all 
make: Inget behöver göras för "all".
08:59:19 **** Incremental Build of configuration Debug for project Lab2 ****
make all 
make: Inget behöver göras för "all".
09:00:13 **** Auto Build of configuration Debug for project Lab2 ****
make all 
'Building file: ../src/main.c'
'Invoking: MicroBlaze gcc compiler'
mb-gcc -Wall -O0 -g3 -c -fmessage-length=0 -MT"src/main.o" -I../../Lab2_bsp/microblaze_0/include -mlittle-endian -mcpu=v9.4 -mxl-soft-mul -Wl,--no-relax -MMD -MP -MF"src/main.d" -MT"src/main.o" -o "src/main.o" "../src/main.c"
'Finished building: ../src/main.c'
' '
'Building target: Lab2.elf'
'Invoking: MicroBlaze gcc linker'
mb-gcc -Wl,-T -Wl,../src/lscript.ld -L../../Lab2_bsp/microblaze_0/lib -mlittle-endian -mcpu=v9.4 -mxl-soft-mul -Wl,--no-relax -o "Lab2.elf"  ./src/displays.o ./src/main.o   -Wl,--start-group,-lxil,-lgcc,-lc,--end-group
'Finished building target: Lab2.elf'
' '
'Invoking: MicroBlaze Print Size'
mb-size Lab2.elf  |tee "Lab2.elf.size"
   text	   data	    bss	    dec	    hex	filename
   7184	    344	   3248	  10776	   2a18	Lab2.elf
'Finished building: Lab2.elf.size'
' '
09:00:23 **** Incremental Build of configuration Debug for project Lab1 ****
make all 
make: Inget behöver göras för "all".
09:00:23 **** Incremental Build of configuration Debug for project Lab2 ****
make all 
make: Inget behöver göras för "all".
09:01:42 **** Incremental Build of configuration Debug for project Lab1 ****
make all 
make: Inget behöver göras för "all".
09:01:42 **** Incremental Build of configuration Debug for project Lab2 ****
make all 
make: Inget behöver göras för "all".
09:02:09 **** Auto Build of configuration Debug for project Lab2 ****
make all 
'Building file: ../src/main.c'
'Invoking: MicroBlaze gcc compiler'
mb-gcc -Wall -O0 -g3 -c -fmessage-length=0 -MT"src/main.o" -I../../Lab2_bsp/microblaze_0/include -mlittle-endian -mcpu=v9.4 -mxl-soft-mul -Wl,--no-relax -MMD -MP -MF"src/main.d" -MT"src/main.o" -o "src/main.o" "../src/main.c"
'Finished building: ../src/main.c'
' '
'Building target: Lab2.elf'
'Invoking: MicroBlaze gcc linker'
mb-gcc -Wl,-T -Wl,../src/lscript.ld -L../../Lab2_bsp/microblaze_0/lib -mlittle-endian -mcpu=v9.4 -mxl-soft-mul -Wl,--no-relax -o "Lab2.elf"  ./src/displays.o ./src/main.o   -Wl,--start-group,-lxil,-lgcc,-lc,--end-group
'Finished building target: Lab2.elf'
' '
'Invoking: MicroBlaze Print Size'
mb-size Lab2.elf  |tee "Lab2.elf.size"
   text	   data	    bss	    dec	    hex	filename
   7200	    344	   3248	  10792	   2a28	Lab2.elf
'Finished building: Lab2.elf.size'
' '
09:02:13 **** Incremental Build of configuration Debug for project Lab1 ****
make all 
make: Inget behöver göras för "all".
09:02:13 **** Incremental Build of configuration Debug for project Lab2 ****
make all 
make: Inget behöver göras för "all".
09:02:31 **** Incremental Build of configuration Debug for project Lab1 ****
make all 
make: Inget behöver göras för "all".
09:02:31 **** Incremental Build of configuration Debug for project Lab2 ****
make all 
make: Inget behöver göras för "all".
09:02:46 **** Incremental Build of configuration Debug for project Lab1 ****
make all 
make: Inget behöver göras för "all".
09:02:47 **** Incremental Build of configuration Debug for project Lab2 ****
make all 
make: Inget behöver göras för "all".
09:06:00 **** Auto Build of configuration Debug for project Lab2 ****
make all 
'Building file: ../src/displays.c'
'Invoking: MicroBlaze gcc compiler'
mb-gcc -Wall -O0 -g3 -c -fmessage-length=0 -MT"src/displays.o" -I../../Lab2_bsp/microblaze_0/include -mlittle-endian -mcpu=v9.4 -mxl-soft-mul -Wl,--no-relax -MMD -MP -MF"src/displays.d" -MT"src/displays.o" -o "src/displays.o" "../src/displays.c"
'Finished building: ../src/displays.c'
' '
'Building file: ../src/main.c'
'Invoking: MicroBlaze gcc compiler'
mb-gcc -Wall -O0 -g3 -c -fmessage-length=0 -MT"src/main.o" -I../../Lab2_bsp/microblaze_0/include -mlittle-endian -mcpu=v9.4 -mxl-soft-mul -Wl,--no-relax -MMD -MP -MF"src/main.d" -MT"src/main.o" -o "src/main.o" "../src/main.c"
'Finished building: ../src/main.c'
' '
'Building target: Lab2.elf'
'Invoking: MicroBlaze gcc linker'
mb-gcc -Wl,-T -Wl,../src/lscript.ld -L../../Lab2_bsp/microblaze_0/lib -mlittle-endian -mcpu=v9.4 -mxl-soft-mul -Wl,--no-relax -o "Lab2.elf"  ./src/displays.o ./src/main.o   -Wl,--start-group,-lxil,-lgcc,-lc,--end-group
'Finished building target: Lab2.elf'
' '
'Invoking: MicroBlaze Print Size'
mb-size Lab2.elf  |tee "Lab2.elf.size"
   text	   data	    bss	    dec	    hex	filename
   7200	    344	   3248	  10792	   2a28	Lab2.elf
'Finished building: Lab2.elf.size'
' '
09:07:25 **** Auto Build of configuration Debug for project Lab2 ****
make all 
'Building file: ../src/displays.c'
'Invoking: MicroBlaze gcc compiler'
mb-gcc -Wall -O0 -g3 -c -fmessage-length=0 -MT"src/displays.o" -I../../Lab2_bsp/microblaze_0/include -mlittle-endian -mcpu=v9.4 -mxl-soft-mul -Wl,--no-relax -MMD -MP -MF"src/displays.d" -MT"src/displays.o" -o "src/displays.o" "../src/displays.c"
'Finished building: ../src/displays.c'
' '
'Building target: Lab2.elf'
'Invoking: MicroBlaze gcc linker'
mb-gcc -Wl,-T -Wl,../src/lscript.ld -L../../Lab2_bsp/microblaze_0/lib -mlittle-endian -mcpu=v9.4 -mxl-soft-mul -Wl,--no-relax -o "Lab2.elf"  ./src/displays.o ./src/main.o   -Wl,--start-group,-lxil,-lgcc,-lc,--end-group
'Finished building target: Lab2.elf'
' '
'Invoking: MicroBlaze Print Size'
mb-size Lab2.elf  |tee "Lab2.elf.size"
   text	   data	    bss	    dec	    hex	filename
   7268	    344	   3252	  10864	   2a70	Lab2.elf
'Finished building: Lab2.elf.size'
' '
09:08:04 **** Auto Build of configuration Debug for project Lab2 ****
make all 
'Building file: ../src/displays.c'
'Invoking: MicroBlaze gcc compiler'
mb-gcc -Wall -O0 -g3 -c -fmessage-length=0 -MT"src/displays.o" -I../../Lab2_bsp/microblaze_0/include -mlittle-endian -mcpu=v9.4 -mxl-soft-mul -Wl,--no-relax -MMD -MP -MF"src/displays.d" -MT"src/displays.o" -o "src/displays.o" "../src/displays.c"
'Finished building: ../src/displays.c'
' '
'Building target: Lab2.elf'
'Invoking: MicroBlaze gcc linker'
mb-gcc -Wl,-T -Wl,../src/lscript.ld -L../../Lab2_bsp/microblaze_0/lib -mlittle-endian -mcpu=v9.4 -mxl-soft-mul -Wl,--no-relax -o "Lab2.elf"  ./src/displays.o ./src/main.o   -Wl,--start-group,-lxil,-lgcc,-lc,--end-group
'Finished building target: Lab2.elf'
' '
'Invoking: MicroBlaze Print Size'
mb-size Lab2.elf  |tee "Lab2.elf.size"
   text	   data	    bss	    dec	    hex	filename
   7284	    344	   3252	  10880	   2a80	Lab2.elf
'Finished building: Lab2.elf.size'
' '
09:08:11 **** Auto Build of configuration Debug for project Lab2 ****
make all 
'Building file: ../src/displays.c'
'Invoking: MicroBlaze gcc compiler'
mb-gcc -Wall -O0 -g3 -c -fmessage-length=0 -MT"src/displays.o" -I../../Lab2_bsp/microblaze_0/include -mlittle-endian -mcpu=v9.4 -mxl-soft-mul -Wl,--no-relax -MMD -MP -MF"src/displays.d" -MT"src/displays.o" -o "src/displays.o" "../src/displays.c"
'Finished building: ../src/displays.c'
' '
'Building target: Lab2.elf'
'Invoking: MicroBlaze gcc linker'
mb-gcc -Wl,-T -Wl,../src/lscript.ld -L../../Lab2_bsp/microblaze_0/lib -mlittle-endian -mcpu=v9.4 -mxl-soft-mul -Wl,--no-relax -o "Lab2.elf"  ./src/displays.o ./src/main.o   -Wl,--start-group,-lxil,-lgcc,-lc,--end-group
'Finished building target: Lab2.elf'
' '
'Invoking: MicroBlaze Print Size'
mb-size Lab2.elf  |tee "Lab2.elf.size"
   text	   data	    bss	    dec	    hex	filename
   7284	    344	   3252	  10880	   2a80	Lab2.elf
'Finished building: Lab2.elf.size'
' '
09:09:07 **** Auto Build of configuration Debug for project Lab2 ****
make all 
'Building file: ../src/displays.c'
'Invoking: MicroBlaze gcc compiler'
mb-gcc -Wall -O0 -g3 -c -fmessage-length=0 -MT"src/displays.o" -I../../Lab2_bsp/microblaze_0/include -mlittle-endian -mcpu=v9.4 -mxl-soft-mul -Wl,--no-relax -MMD -MP -MF"src/displays.d" -MT"src/displays.o" -o "src/displays.o" "../src/displays.c"
'Finished building: ../src/displays.c'
' '
'Building target: Lab2.elf'
'Invoking: MicroBlaze gcc linker'
mb-gcc -Wl,-T -Wl,../src/lscript.ld -L../../Lab2_bsp/microblaze_0/lib -mlittle-endian -mcpu=v9.4 -mxl-soft-mul -Wl,--no-relax -o "Lab2.elf"  ./src/displays.o ./src/main.o   -Wl,--start-group,-lxil,-lgcc,-lc,--end-group
'Finished building target: Lab2.elf'
' '
'Invoking: MicroBlaze Print Size'
mb-size Lab2.elf  |tee "Lab2.elf.size"
   text	   data	    bss	    dec	    hex	filename
   7396	    344	   3252	  10992	   2af0	Lab2.elf
'Finished building: Lab2.elf.size'
' '
09:09:51 **** Auto Build of configuration Debug for project Lab2 ****
make all 
'Building file: ../src/main.c'
'Invoking: MicroBlaze gcc compiler'
mb-gcc -Wall -O0 -g3 -c -fmessage-length=0 -MT"src/main.o" -I../../Lab2_bsp/microblaze_0/include -mlittle-endian -mcpu=v9.4 -mxl-soft-mul -Wl,--no-relax -MMD -MP -MF"src/main.d" -MT"src/main.o" -o "src/main.o" "../src/main.c"
'Finished building: ../src/main.c'
' '
'Building target: Lab2.elf'
'Invoking: MicroBlaze gcc linker'
mb-gcc -Wl,-T -Wl,../src/lscript.ld -L../../Lab2_bsp/microblaze_0/lib -mlittle-endian -mcpu=v9.4 -mxl-soft-mul -Wl,--no-relax -o "Lab2.elf"  ./src/displays.o ./src/main.o   -Wl,--start-group,-lxil,-lgcc,-lc,--end-group
'Finished building target: Lab2.elf'
' '
'Invoking: MicroBlaze Print Size'
mb-size Lab2.elf  |tee "Lab2.elf.size"
   text	   data	    bss	    dec	    hex	filename
   7356	    344	   3252	  10952	   2ac8	Lab2.elf
'Finished building: Lab2.elf.size'
' '
09:09:55 **** Incremental Build of configuration Debug for project Lab1 ****
make all 
make: Inget behöver göras för "all".
09:09:55 **** Incremental Build of configuration Debug for project Lab2 ****
make all 
make: Inget behöver göras för "all".
09:10:16 **** Auto Build of configuration Debug for project Lab2 ****
make all 
'Building file: ../src/main.c'
'Invoking: MicroBlaze gcc compiler'
mb-gcc -Wall -O0 -g3 -c -fmessage-length=0 -MT"src/main.o" -I../../Lab2_bsp/microblaze_0/include -mlittle-endian -mcpu=v9.4 -mxl-soft-mul -Wl,--no-relax -MMD -MP -MF"src/main.d" -MT"src/main.o" -o "src/main.o" "../src/main.c"
'Finished building: ../src/main.c'
' '
'Building target: Lab2.elf'
'Invoking: MicroBlaze gcc linker'
mb-gcc -Wl,-T -Wl,../src/lscript.ld -L../../Lab2_bsp/microblaze_0/lib -mlittle-endian -mcpu=v9.4 -mxl-soft-mul -Wl,--no-relax -o "Lab2.elf"  ./src/displays.o ./src/main.o   -Wl,--start-group,-lxil,-lgcc,-lc,--end-group
'Finished building target: Lab2.elf'
' '
'Invoking: MicroBlaze Print Size'
mb-size Lab2.elf  |tee "Lab2.elf.size"
   text	   data	    bss	    dec	    hex	filename
   7368	    344	   3248	  10960	   2ad0	Lab2.elf
'Finished building: Lab2.elf.size'
' '
09:10:19 **** Incremental Build of configuration Debug for project Lab1 ****
make all 
make: Inget behöver göras för "all".
09:10:19 **** Incremental Build of configuration Debug for project Lab2 ****
make all 
make: Inget behöver göras för "all".
09:13:12 **** Auto Build of configuration Debug for project Lab2 ****
make all 
'Building file: ../src/displays.c'
'Invoking: MicroBlaze gcc compiler'
mb-gcc -Wall -O0 -g3 -c -fmessage-length=0 -MT"src/displays.o" -I../../Lab2_bsp/microblaze_0/include -mlittle-endian -mcpu=v9.4 -mxl-soft-mul -Wl,--no-relax -MMD -MP -MF"src/displays.d" -MT"src/displays.o" -o "src/displays.o" "../src/displays.c"
'Finished building: ../src/displays.c'
' '
'Building file: ../src/main.c'
'Invoking: MicroBlaze gcc compiler'
mb-gcc -Wall -O0 -g3 -c -fmessage-length=0 -MT"src/main.o" -I../../Lab2_bsp/microblaze_0/include -mlittle-endian -mcpu=v9.4 -mxl-soft-mul -Wl,--no-relax -MMD -MP -MF"src/main.d" -MT"src/main.o" -o "src/main.o" "../src/main.c"
'Finished building: ../src/main.c'
' '
'Building target: Lab2.elf'
'Invoking: MicroBlaze gcc linker'
mb-gcc -Wl,-T -Wl,../src/lscript.ld -L../../Lab2_bsp/microblaze_0/lib -mlittle-endian -mcpu=v9.4 -mxl-soft-mul -Wl,--no-relax -o "Lab2.elf"  ./src/displays.o ./src/main.o   -Wl,--start-group,-lxil,-lgcc,-lc,--end-group
'Finished building target: Lab2.elf'
' '
'Invoking: MicroBlaze Print Size'
mb-size Lab2.elf  |tee "Lab2.elf.size"
   text	   data	    bss	    dec	    hex	filename
   7368	    344	   3248	  10960	   2ad0	Lab2.elf
'Finished building: Lab2.elf.size'
' '
09:15:01 **** Auto Build of configuration Debug for project Lab2 ****
make all 
'Building file: ../src/displays.c'
'Invoking: MicroBlaze gcc compiler'
mb-gcc -Wall -O0 -g3 -c -fmessage-length=0 -MT"src/displays.o" -I../../Lab2_bsp/microblaze_0/include -mlittle-endian -mcpu=v9.4 -mxl-soft-mul -Wl,--no-relax -MMD -MP -MF"src/displays.d" -MT"src/displays.o" -o "src/displays.o" "../src/displays.c"
'Finished building: ../src/displays.c'
' '
'Building target: Lab2.elf'
'Invoking: MicroBlaze gcc linker'
mb-gcc -Wl,-T -Wl,../src/lscript.ld -L../../Lab2_bsp/microblaze_0/lib -mlittle-endian -mcpu=v9.4 -mxl-soft-mul -Wl,--no-relax -o "Lab2.elf"  ./src/displays.o ./src/main.o   -Wl,--start-group,-lxil,-lgcc,-lc,--end-group
'Finished building target: Lab2.elf'
' '
'Invoking: MicroBlaze Print Size'
mb-size Lab2.elf  |tee "Lab2.elf.size"
   text	   data	    bss	    dec	    hex	filename
   7556	    344	   3252	  11152	   2b90	Lab2.elf
'Finished building: Lab2.elf.size'
' '
09:15:03 **** Auto Build of configuration Debug for project Lab2 ****
make all 
'Building file: ../src/main.c'
'Invoking: MicroBlaze gcc compiler'
mb-gcc -Wall -O0 -g3 -c -fmessage-length=0 -MT"src/main.o" -I../../Lab2_bsp/microblaze_0/include -mlittle-endian -mcpu=v9.4 -mxl-soft-mul -Wl,--no-relax -MMD -MP -MF"src/main.d" -MT"src/main.o" -o "src/main.o" "../src/main.c"
'Finished building: ../src/main.c'
' '
'Building target: Lab2.elf'
'Invoking: MicroBlaze gcc linker'
mb-gcc -Wl,-T -Wl,../src/lscript.ld -L../../Lab2_bsp/microblaze_0/lib -mlittle-endian -mcpu=v9.4 -mxl-soft-mul -Wl,--no-relax -o "Lab2.elf"  ./src/displays.o ./src/main.o   -Wl,--start-group,-lxil,-lgcc,-lc,--end-group
c:/xilinx/sdk/2016.1/gnu/microblaze/nt/bin/../lib/gcc/microblaze-xilinx-elf/5.2.0/../../../../microblaze-xilinx-elf/lib/le/crtinit.o: In function `_crtinit':
(.text+0x78): undefined reference to `main'
collect2.exe: error: ld returned 1 exit status
make: *** [Lab2.elf] Fel 1
09:15:31 **** Auto Build of configuration Debug for project Lab2 ****
make all 
'Building file: ../src/main.c'
'Invoking: MicroBlaze gcc compiler'
mb-gcc -Wall -O0 -g3 -c -fmessage-length=0 -MT"src/main.o" -I../../Lab2_bsp/microblaze_0/include -mlittle-endian -mcpu=v9.4 -mxl-soft-mul -Wl,--no-relax -MMD -MP -MF"src/main.d" -MT"src/main.o" -o "src/main.o" "../src/main.c"
'Finished building: ../src/main.c'
' '
'Building target: Lab2.elf'
'Invoking: MicroBlaze gcc linker'
mb-gcc -Wl,-T -Wl,../src/lscript.ld -L../../Lab2_bsp/microblaze_0/lib -mlittle-endian -mcpu=v9.4 -mxl-soft-mul -Wl,--no-relax -o "Lab2.elf"  ./src/displays.o ./src/main.o   -Wl,--start-group,-lxil,-lgcc,-lc,--end-group
'Finished building target: Lab2.elf'
' '
'Invoking: MicroBlaze Print Size'
mb-size Lab2.elf  |tee "Lab2.elf.size"
   text	   data	    bss	    dec	    hex	filename
   7548	    344	   3252	  11144	   2b88	Lab2.elf
'Finished building: Lab2.elf.size'
' '
09:15:40 **** Auto Build of configuration Debug for project Lab2 ****
make all 
'Building file: ../src/main.c'
'Invoking: MicroBlaze gcc compiler'
mb-gcc -Wall -O0 -g3 -c -fmessage-length=0 -MT"src/main.o" -I../../Lab2_bsp/microblaze_0/include -mlittle-endian -mcpu=v9.4 -mxl-soft-mul -Wl,--no-relax -MMD -MP -MF"src/main.d" -MT"src/main.o" -o "src/main.o" "../src/main.c"
'Finished building: ../src/main.c'
' '
'Building target: Lab2.elf'
'Invoking: MicroBlaze gcc linker'
mb-gcc -Wl,-T -Wl,../src/lscript.ld -L../../Lab2_bsp/microblaze_0/lib -mlittle-endian -mcpu=v9.4 -mxl-soft-mul -Wl,--no-relax -o "Lab2.elf"  ./src/displays.o ./src/main.o   -Wl,--start-group,-lxil,-lgcc,-lc,--end-group
'Finished building target: Lab2.elf'
' '
'Invoking: MicroBlaze Print Size'
mb-size Lab2.elf  |tee "Lab2.elf.size"
   text	   data	    bss	    dec	    hex	filename
   7560	    344	   3248	  11152	   2b90	Lab2.elf
'Finished building: Lab2.elf.size'
' '
09:15:45 **** Incremental Build of configuration Debug for project Lab1 ****
make all 
make: Inget behöver göras för "all".
09:15:45 **** Incremental Build of configuration Debug for project Lab2 ****
make all 
make: Inget behöver göras för "all".
09:17:07 **** Auto Build of configuration Debug for project Lab2 ****
make all 
'Building file: ../src/displays.c'
'Invoking: MicroBlaze gcc compiler'
mb-gcc -Wall -O0 -g3 -c -fmessage-length=0 -MT"src/displays.o" -I../../Lab2_bsp/microblaze_0/include -mlittle-endian -mcpu=v9.4 -mxl-soft-mul -Wl,--no-relax -MMD -MP -MF"src/displays.d" -MT"src/displays.o" -o "src/displays.o" "../src/displays.c"
'Finished building: ../src/displays.c'
' '
'Building target: Lab2.elf'
'Invoking: MicroBlaze gcc linker'
mb-gcc -Wl,-T -Wl,../src/lscript.ld -L../../Lab2_bsp/microblaze_0/lib -mlittle-endian -mcpu=v9.4 -mxl-soft-mul -Wl,--no-relax -o "Lab2.elf"  ./src/displays.o ./src/main.o   -Wl,--start-group,-lxil,-lgcc,-lc,--end-group
'Finished building target: Lab2.elf'
' '
'Invoking: MicroBlaze Print Size'
mb-size Lab2.elf  |tee "Lab2.elf.size"
   text	   data	    bss	    dec	    hex	filename
   7560	    344	   3248	  11152	   2b90	Lab2.elf
'Finished building: Lab2.elf.size'
' '
09:17:16 **** Auto Build of configuration Debug for project Lab2 ****
make all 
'Building file: ../src/displays.c'
'Invoking: MicroBlaze gcc compiler'
mb-gcc -Wall -O0 -g3 -c -fmessage-length=0 -MT"src/displays.o" -I../../Lab2_bsp/microblaze_0/include -mlittle-endian -mcpu=v9.4 -mxl-soft-mul -Wl,--no-relax -MMD -MP -MF"src/displays.d" -MT"src/displays.o" -o "src/displays.o" "../src/displays.c"
'Finished building: ../src/displays.c'
' '
'Building target: Lab2.elf'
'Invoking: MicroBlaze gcc linker'
mb-gcc -Wl,-T -Wl,../src/lscript.ld -L../../Lab2_bsp/microblaze_0/lib -mlittle-endian -mcpu=v9.4 -mxl-soft-mul -Wl,--no-relax -o "Lab2.elf"  ./src/displays.o ./src/main.o   -Wl,--start-group,-lxil,-lgcc,-lc,--end-group
'Finished building target: Lab2.elf'
' '
'Invoking: MicroBlaze Print Size'
mb-size Lab2.elf  |tee "Lab2.elf.size"
   text	   data	    bss	    dec	    hex	filename
   7560	    344	   3248	  11152	   2b90	Lab2.elf
'Finished building: Lab2.elf.size'
' '
09:17:19 **** Incremental Build of configuration Debug for project Lab1 ****
make all 
make: Inget behöver göras för "all".
09:17:20 **** Incremental Build of configuration Debug for project Lab2 ****
make all 
make: Inget behöver göras för "all".
09:17:54 **** Auto Build of configuration Debug for project Lab2 ****
make all 
'Building file: ../src/displays.c'
'Invoking: MicroBlaze gcc compiler'
mb-gcc -Wall -O0 -g3 -c -fmessage-length=0 -MT"src/displays.o" -I../../Lab2_bsp/microblaze_0/include -mlittle-endian -mcpu=v9.4 -mxl-soft-mul -Wl,--no-relax -MMD -MP -MF"src/displays.d" -MT"src/displays.o" -o "src/displays.o" "../src/displays.c"
'Finished building: ../src/displays.c'
' '
'Building target: Lab2.elf'
'Invoking: MicroBlaze gcc linker'
mb-gcc -Wl,-T -Wl,../src/lscript.ld -L../../Lab2_bsp/microblaze_0/lib -mlittle-endian -mcpu=v9.4 -mxl-soft-mul -Wl,--no-relax -o "Lab2.elf"  ./src/displays.o ./src/main.o   -Wl,--start-group,-lxil,-lgcc,-lc,--end-group
'Finished building target: Lab2.elf'
' '
'Invoking: MicroBlaze Print Size'
mb-size Lab2.elf  |tee "Lab2.elf.size"
   text	   data	    bss	    dec	    hex	filename
   7560	    344	   3248	  11152	   2b90	Lab2.elf
'Finished building: Lab2.elf.size'
' '
09:19:51 **** Auto Build of configuration Debug for project Lab2 ****
make all 
make: Inget behöver göras för "all".
09:19:56 **** Auto Build of configuration Debug for project Lab2 ****
make all 
make: Inget behöver göras för "all".
09:21:27 **** Auto Build of configuration Debug for project Lab2 ****
make all 
'Building file: ../src/main.c'
'Invoking: MicroBlaze gcc compiler'
mb-gcc -Wall -O0 -g3 -c -fmessage-length=0 -MT"src/main.o" -I../../Lab2_bsp/microblaze_0/include -mlittle-endian -mcpu=v9.4 -mxl-soft-mul -Wl,--no-relax -MMD -MP -MF"src/main.d" -MT"src/main.o" -o "src/main.o" "../src/main.c"
'Finished building: ../src/main.c'
' '
'Building target: Lab2.elf'
'Invoking: MicroBlaze gcc linker'
mb-gcc -Wl,-T -Wl,../src/lscript.ld -L../../Lab2_bsp/microblaze_0/lib -mlittle-endian -mcpu=v9.4 -mxl-soft-mul -Wl,--no-relax -o "Lab2.elf"  ./src/displays.o ./src/main.o   -Wl,--start-group,-lxil,-lgcc,-lc,--end-group
'Finished building target: Lab2.elf'
' '
'Invoking: MicroBlaze Print Size'
mb-size Lab2.elf  |tee "Lab2.elf.size"
   text	   data	    bss	    dec	    hex	filename
   7560	    344	   3248	  11152	   2b90	Lab2.elf
'Finished building: Lab2.elf.size'
' '
09:21:29 **** Auto Build of configuration Debug for project Lab2 ****
make all 
'Building file: ../src/main.c'
'Invoking: MicroBlaze gcc compiler'
mb-gcc -Wall -O0 -g3 -c -fmessage-length=0 -MT"src/main.o" -I../../Lab2_bsp/microblaze_0/include -mlittle-endian -mcpu=v9.4 -mxl-soft-mul -Wl,--no-relax -MMD -MP -MF"src/main.d" -MT"src/main.o" -o "src/main.o" "../src/main.c"
'Finished building: ../src/main.c'
' '
'Building target: Lab2.elf'
'Invoking: MicroBlaze gcc linker'
mb-gcc -Wl,-T -Wl,../src/lscript.ld -L../../Lab2_bsp/microblaze_0/lib -mlittle-endian -mcpu=v9.4 -mxl-soft-mul -Wl,--no-relax -o "Lab2.elf"  ./src/displays.o ./src/main.o   -Wl,--start-group,-lxil,-lgcc,-lc,--end-group
'Finished building target: Lab2.elf'
' '
'Invoking: MicroBlaze Print Size'
mb-size Lab2.elf  |tee "Lab2.elf.size"
   text	   data	    bss	    dec	    hex	filename
   7560	    344	   3248	  11152	   2b90	Lab2.elf
'Finished building: Lab2.elf.size'
' '
09:21:42 **** Incremental Build of configuration Debug for project Lab1 ****
make all 
make: Inget behöver göras för "all".
09:21:42 **** Incremental Build of configuration Debug for project Lab2 ****
make all 
make: Inget behöver göras för "all".
09:26:27 **** Auto Build of configuration Debug for project Lab2 ****
make all 
'Building file: ../src/main.c'
'Invoking: MicroBlaze gcc compiler'
mb-gcc -Wall -O0 -g3 -c -fmessage-length=0 -MT"src/main.o" -I../../Lab2_bsp/microblaze_0/include -mlittle-endian -mcpu=v9.4 -mxl-soft-mul -Wl,--no-relax -MMD -MP -MF"src/main.d" -MT"src/main.o" -o "src/main.o" "../src/main.c"
'Finished building: ../src/main.c'
' '
'Building target: Lab2.elf'
'Invoking: MicroBlaze gcc linker'
mb-gcc -Wl,-T -Wl,../src/lscript.ld -L../../Lab2_bsp/microblaze_0/lib -mlittle-endian -mcpu=v9.4 -mxl-soft-mul -Wl,--no-relax -o "Lab2.elf"  ./src/displays.o ./src/main.o   -Wl,--start-group,-lxil,-lgcc,-lc,--end-group
'Finished building target: Lab2.elf'
' '
'Invoking: MicroBlaze Print Size'
mb-size Lab2.elf  |tee "Lab2.elf.size"
   text	   data	    bss	    dec	    hex	filename
   7560	    344	   3248	  11152	   2b90	Lab2.elf
'Finished building: Lab2.elf.size'
' '
09:29:58 **** Auto Build of configuration Debug for project Lab2 ****
make all 
'Building file: ../src/main.c'
'Invoking: MicroBlaze gcc compiler'
mb-gcc -Wall -O0 -g3 -c -fmessage-length=0 -MT"src/main.o" -I../../Lab2_bsp/microblaze_0/include -mlittle-endian -mcpu=v9.4 -mxl-soft-mul -Wl,--no-relax -MMD -MP -MF"src/main.d" -MT"src/main.o" -o "src/main.o" "../src/main.c"
'Finished building: ../src/main.c'
' '
'Building target: Lab2.elf'
'Invoking: MicroBlaze gcc linker'
mb-gcc -Wl,-T -Wl,../src/lscript.ld -L../../Lab2_bsp/microblaze_0/lib -mlittle-endian -mcpu=v9.4 -mxl-soft-mul -Wl,--no-relax -o "Lab2.elf"  ./src/displays.o ./src/main.o   -Wl,--start-group,-lxil,-lgcc,-lc,--end-group
'Finished building target: Lab2.elf'
' '
'Invoking: MicroBlaze Print Size'
mb-size Lab2.elf  |tee "Lab2.elf.size"
   text	   data	    bss	    dec	    hex	filename
   7688	    344	   3248	  11280	   2c10	Lab2.elf
'Finished building: Lab2.elf.size'
' '
09:30:24 **** Incremental Build of configuration Debug for project Lab1 ****
make all 
make: Inget behöver göras för "all".
09:30:25 **** Incremental Build of configuration Debug for project Lab2 ****
make all 
make: Inget behöver göras för "all".
09:30:48 **** Auto Build of configuration Debug for project Lab2 ****
make all 
'Building file: ../src/main.c'
'Invoking: MicroBlaze gcc compiler'
mb-gcc -Wall -O0 -g3 -c -fmessage-length=0 -MT"src/main.o" -I../../Lab2_bsp/microblaze_0/include -mlittle-endian -mcpu=v9.4 -mxl-soft-mul -Wl,--no-relax -MMD -MP -MF"src/main.d" -MT"src/main.o" -o "src/main.o" "../src/main.c"
'Finished building: ../src/main.c'
' '
'Building target: Lab2.elf'
'Invoking: MicroBlaze gcc linker'
mb-gcc -Wl,-T -Wl,../src/lscript.ld -L../../Lab2_bsp/microblaze_0/lib -mlittle-endian -mcpu=v9.4 -mxl-soft-mul -Wl,--no-relax -o "Lab2.elf"  ./src/displays.o ./src/main.o   -Wl,--start-group,-lxil,-lgcc,-lc,--end-group
'Finished building target: Lab2.elf'
' '
'Invoking: MicroBlaze Print Size'
mb-size Lab2.elf  |tee "Lab2.elf.size"
   text	   data	    bss	    dec	    hex	filename
   7688	    344	   3248	  11280	   2c10	Lab2.elf
'Finished building: Lab2.elf.size'
' '
09:30:52 **** Incremental Build of configuration Debug for project Lab1 ****
make all 
make: Inget behöver göras för "all".
09:30:53 **** Incremental Build of configuration Debug for project Lab2 ****
make all 
make: Inget behöver göras för "all".
09:32:04 **** Incremental Build of configuration Debug for project Lab1 ****
make all 
make: Inget behöver göras för "all".
09:32:04 **** Incremental Build of configuration Debug for project Lab2 ****
make all 
make: Inget behöver göras för "all".
09:32:23 **** Incremental Build of configuration Debug for project Lab1 ****
make all 
make: Inget behöver göras för "all".
09:32:23 **** Incremental Build of configuration Debug for project Lab2 ****
make all 
make: Inget behöver göras för "all".
09:41:45 **** Auto Build of configuration Debug for project Lab2 ****
make all 
'Building file: ../src/main.c'
'Invoking: MicroBlaze gcc compiler'
mb-gcc -Wall -O0 -g3 -c -fmessage-length=0 -MT"src/main.o" -I../../Lab2_bsp/microblaze_0/include -mlittle-endian -mcpu=v9.4 -mxl-soft-mul -Wl,--no-relax -MMD -MP -MF"src/main.d" -MT"src/main.o" -o "src/main.o" "../src/main.c"
'Finished building: ../src/main.c'
' '
'Building target: Lab2.elf'
'Invoking: MicroBlaze gcc linker'
mb-gcc -Wl,-T -Wl,../src/lscript.ld -L../../Lab2_bsp/microblaze_0/lib -mlittle-endian -mcpu=v9.4 -mxl-soft-mul -Wl,--no-relax -o "Lab2.elf"  ./src/displays.o ./src/main.o   -Wl,--start-group,-lxil,-lgcc,-lc,--end-group
'Finished building target: Lab2.elf'
' '
'Invoking: MicroBlaze Print Size'
mb-size Lab2.elf  |tee "Lab2.elf.size"
   text	   data	    bss	    dec	    hex	filename
   7732	    344	   3260	  11336	   2c48	Lab2.elf
'Finished building: Lab2.elf.size'
' '
09:42:08 **** Auto Build of configuration Debug for project Lab2 ****
make all 
'Building file: ../src/main.c'
'Invoking: MicroBlaze gcc compiler'
mb-gcc -Wall -O0 -g3 -c -fmessage-length=0 -MT"src/main.o" -I../../Lab2_bsp/microblaze_0/include -mlittle-endian -mcpu=v9.4 -mxl-soft-mul -Wl,--no-relax -MMD -MP -MF"src/main.d" -MT"src/main.o" -o "src/main.o" "../src/main.c"
'Finished building: ../src/main.c'
' '
'Building target: Lab2.elf'
'Invoking: MicroBlaze gcc linker'
mb-gcc -Wl,-T -Wl,../src/lscript.ld -L../../Lab2_bsp/microblaze_0/lib -mlittle-endian -mcpu=v9.4 -mxl-soft-mul -Wl,--no-relax -o "Lab2.elf"  ./src/displays.o ./src/main.o   -Wl,--start-group,-lxil,-lgcc,-lc,--end-group
'Finished building target: Lab2.elf'
' '
'Invoking: MicroBlaze Print Size'
mb-size Lab2.elf  |tee "Lab2.elf.size"
   text	   data	    bss	    dec	    hex	filename
   7732	    344	   3260	  11336	   2c48	Lab2.elf
'Finished building: Lab2.elf.size'
' '
09:42:19 **** Incremental Build of configuration Debug for project Lab1 ****
make all 
make: Inget behöver göras för "all".
09:42:20 **** Incremental Build of configuration Debug for project Lab2 ****
make all 
make: Inget behöver göras för "all".
09:49:22 **** Incremental Build of configuration Debug for project Lab1 ****
make all 
make: Inget behöver göras för "all".
09:49:22 **** Incremental Build of configuration Debug for project Lab2 ****
make all 
make: Inget behöver göras för "all".
09:49:28 **** Auto Build of configuration Debug for project Lab2 ****
make all 
'Building file: ../src/main.c'
'Invoking: MicroBlaze gcc compiler'
mb-gcc -Wall -O0 -g3 -c -fmessage-length=0 -MT"src/main.o" -I../../Lab2_bsp/microblaze_0/include -mlittle-endian -mcpu=v9.4 -mxl-soft-mul -Wl,--no-relax -MMD -MP -MF"src/main.d" -MT"src/main.o" -o "src/main.o" "../src/main.c"
'Finished building: ../src/main.c'
' '
'Building target: Lab2.elf'
'Invoking: MicroBlaze gcc linker'
mb-gcc -Wl,-T -Wl,../src/lscript.ld -L../../Lab2_bsp/microblaze_0/lib -mlittle-endian -mcpu=v9.4 -mxl-soft-mul -Wl,--no-relax -o "Lab2.elf"  ./src/displays.o ./src/main.o   -Wl,--start-group,-lxil,-lgcc,-lc,--end-group
'Finished building target: Lab2.elf'
' '
'Invoking: MicroBlaze Print Size'
mb-size Lab2.elf  |tee "Lab2.elf.size"
   text	   data	    bss	    dec	    hex	filename
   7836	    344	   3260	  11440	   2cb0	Lab2.elf
'Finished building: Lab2.elf.size'
' '
09:49:30 **** Auto Build of configuration Debug for project Lab2 ****
make all 
'Building file: ../src/main.c'
'Invoking: MicroBlaze gcc compiler'
mb-gcc -Wall -O0 -g3 -c -fmessage-length=0 -MT"src/main.o" -I../../Lab2_bsp/microblaze_0/include -mlittle-endian -mcpu=v9.4 -mxl-soft-mul -Wl,--no-relax -MMD -MP -MF"src/main.d" -MT"src/main.o" -o "src/main.o" "../src/main.c"
'Finished building: ../src/main.c'
' '
'Building target: Lab2.elf'
'Invoking: MicroBlaze gcc linker'
mb-gcc -Wl,-T -Wl,../src/lscript.ld -L../../Lab2_bsp/microblaze_0/lib -mlittle-endian -mcpu=v9.4 -mxl-soft-mul -Wl,--no-relax -o "Lab2.elf"  ./src/displays.o ./src/main.o   -Wl,--start-group,-lxil,-lgcc,-lc,--end-group
'Finished building target: Lab2.elf'
' '
'Invoking: MicroBlaze Print Size'
mb-size Lab2.elf  |tee "Lab2.elf.size"
   text	   data	    bss	    dec	    hex	filename
   7836	    344	   3260	  11440	   2cb0	Lab2.elf
'Finished building: Lab2.elf.size'
' '
09:49:39 **** Incremental Build of configuration Debug for project Lab1 ****
make all 
make: Inget behöver göras för "all".
09:49:39 **** Incremental Build of configuration Debug for project Lab2 ****
make all 
make: Inget behöver göras för "all".
09:56:53 **** Auto Build of configuration Debug for project Lab2 ****
make all 
'Building file: ../src/main.c'
'Invoking: MicroBlaze gcc compiler'
mb-gcc -Wall -O0 -g3 -c -fmessage-length=0 -MT"src/main.o" -I../../Lab2_bsp/microblaze_0/include -mlittle-endian -mcpu=v9.4 -mxl-soft-mul -Wl,--no-relax -MMD -MP -MF"src/main.d" -MT"src/main.o" -o "src/main.o" "../src/main.c"
'Finished building: ../src/main.c'
' '
'Building target: Lab2.elf'
'Invoking: MicroBlaze gcc linker'
mb-gcc -Wl,-T -Wl,../src/lscript.ld -L../../Lab2_bsp/microblaze_0/lib -mlittle-endian -mcpu=v9.4 -mxl-soft-mul -Wl,--no-relax -o "Lab2.elf"  ./src/displays.o ./src/main.o   -Wl,--start-group,-lxil,-lgcc,-lc,--end-group
'Finished building target: Lab2.elf'
' '
'Invoking: MicroBlaze Print Size'
mb-size Lab2.elf  |tee "Lab2.elf.size"
   text	   data	    bss	    dec	    hex	filename
   7836	    344	   3260	  11440	   2cb0	Lab2.elf
'Finished building: Lab2.elf.size'
' '
09:57:03 **** Auto Build of configuration Debug for project Lab2 ****
make all 
'Building file: ../src/main.c'
'Invoking: MicroBlaze gcc compiler'
mb-gcc -Wall -O0 -g3 -c -fmessage-length=0 -MT"src/main.o" -I../../Lab2_bsp/microblaze_0/include -mlittle-endian -mcpu=v9.4 -mxl-soft-mul -Wl,--no-relax -MMD -MP -MF"src/main.d" -MT"src/main.o" -o "src/main.o" "../src/main.c"
'Finished building: ../src/main.c'
' '
'Building target: Lab2.elf'
'Invoking: MicroBlaze gcc linker'
mb-gcc -Wl,-T -Wl,../src/lscript.ld -L../../Lab2_bsp/microblaze_0/lib -mlittle-endian -mcpu=v9.4 -mxl-soft-mul -Wl,--no-relax -o "Lab2.elf"  ./src/displays.o ./src/main.o   -Wl,--start-group,-lxil,-lgcc,-lc,--end-group
'Finished building target: Lab2.elf'
' '
'Invoking: MicroBlaze Print Size'
mb-size Lab2.elf  |tee "Lab2.elf.size"
   text	   data	    bss	    dec	    hex	filename
   7836	    344	   3260	  11440	   2cb0	Lab2.elf
'Finished building: Lab2.elf.size'
' '
09:57:14 **** Incremental Build of configuration Debug for project Lab1 ****
make all 
make: Inget behöver göras för "all".
09:57:14 **** Incremental Build of configuration Debug for project Lab2 ****
make all 
make: Inget behöver göras för "all".
09:58:02 **** Auto Build of configuration Debug for project Lab2 ****
make all 
'Building file: ../src/main.c'
'Invoking: MicroBlaze gcc compiler'
mb-gcc -Wall -O0 -g3 -c -fmessage-length=0 -MT"src/main.o" -I../../Lab2_bsp/microblaze_0/include -mlittle-endian -mcpu=v9.4 -mxl-soft-mul -Wl,--no-relax -MMD -MP -MF"src/main.d" -MT"src/main.o" -o "src/main.o" "../src/main.c"
'Finished building: ../src/main.c'
' '
'Building target: Lab2.elf'
'Invoking: MicroBlaze gcc linker'
mb-gcc -Wl,-T -Wl,../src/lscript.ld -L../../Lab2_bsp/microblaze_0/lib -mlittle-endian -mcpu=v9.4 -mxl-soft-mul -Wl,--no-relax -o "Lab2.elf"  ./src/displays.o ./src/main.o   -Wl,--start-group,-lxil,-lgcc,-lc,--end-group
'Finished building target: Lab2.elf'
' '
'Invoking: MicroBlaze Print Size'
mb-size Lab2.elf  |tee "Lab2.elf.size"
   text	   data	    bss	    dec	    hex	filename
   7836	    344	   3260	  11440	   2cb0	Lab2.elf
'Finished building: Lab2.elf.size'
' '
09:58:06 **** Incremental Build of configuration Debug for project Lab1 ****
make all 
make: Inget behöver göras för "all".
09:58:06 **** Incremental Build of configuration Debug for project Lab2 ****
make all 
make: Inget behöver göras för "all".
10:00:54 **** Auto Build of configuration Debug for project Lab2 ****
make all 
'Building file: ../src/main.c'
'Invoking: MicroBlaze gcc compiler'
mb-gcc -Wall -O0 -g3 -c -fmessage-length=0 -MT"src/main.o" -I../../Lab2_bsp/microblaze_0/include -mlittle-endian -mcpu=v9.4 -mxl-soft-mul -Wl,--no-relax -MMD -MP -MF"src/main.d" -MT"src/main.o" -o "src/main.o" "../src/main.c"
'Finished building: ../src/main.c'
' '
'Building target: Lab2.elf'
'Invoking: MicroBlaze gcc linker'
mb-gcc -Wl,-T -Wl,../src/lscript.ld -L../../Lab2_bsp/microblaze_0/lib -mlittle-endian -mcpu=v9.4 -mxl-soft-mul -Wl,--no-relax -o "Lab2.elf"  ./src/displays.o ./src/main.o   -Wl,--start-group,-lxil,-lgcc,-lc,--end-group
c:/xilinx/sdk/2016.1/gnu/microblaze/nt/bin/../lib/gcc/microblaze-xilinx-elf/5.2.0/../../../../microblaze-xilinx-elf/lib/le/crtinit.o: In function `_crtinit':
(.text+0x78): undefined reference to `main'
collect2.exe: error: ld returned 1 exit status
make: *** [Lab2.elf] Fel 1
10:01:10 **** Auto Build of configuration Debug for project Lab2 ****
make all 
'Building file: ../src/main.c'
'Invoking: MicroBlaze gcc compiler'
mb-gcc -Wall -O0 -g3 -c -fmessage-length=0 -MT"src/main.o" -I../../Lab2_bsp/microblaze_0/include -mlittle-endian -mcpu=v9.4 -mxl-soft-mul -Wl,--no-relax -MMD -MP -MF"src/main.d" -MT"src/main.o" -o "src/main.o" "../src/main.c"
'Finished building: ../src/main.c'
' '
'Building target: Lab2.elf'
'Invoking: MicroBlaze gcc linker'
mb-gcc -Wl,-T -Wl,../src/lscript.ld -L../../Lab2_bsp/microblaze_0/lib -mlittle-endian -mcpu=v9.4 -mxl-soft-mul -Wl,--no-relax -o "Lab2.elf"  ./src/displays.o ./src/main.o   -Wl,--start-group,-lxil,-lgcc,-lc,--end-group
'Finished building target: Lab2.elf'
' '
'Invoking: MicroBlaze Print Size'
mb-size Lab2.elf  |tee "Lab2.elf.size"
   text	   data	    bss	    dec	    hex	filename
   7836	    344	   3260	  11440	   2cb0	Lab2.elf
'Finished building: Lab2.elf.size'
' '
10:02:03 **** Auto Build of configuration Debug for project Lab2 ****
make all 
'Building file: ../src/main.c'
'Invoking: MicroBlaze gcc compiler'
mb-gcc -Wall -O0 -g3 -c -fmessage-length=0 -MT"src/main.o" -I../../Lab2_bsp/microblaze_0/include -mlittle-endian -mcpu=v9.4 -mxl-soft-mul -Wl,--no-relax -MMD -MP -MF"src/main.d" -MT"src/main.o" -o "src/main.o" "../src/main.c"
'Finished building: ../src/main.c'
' '
'Building target: Lab2.elf'
'Invoking: MicroBlaze gcc linker'
mb-gcc -Wl,-T -Wl,../src/lscript.ld -L../../Lab2_bsp/microblaze_0/lib -mlittle-endian -mcpu=v9.4 -mxl-soft-mul -Wl,--no-relax -o "Lab2.elf"  ./src/displays.o ./src/main.o   -Wl,--start-group,-lxil,-lgcc,-lc,--end-group
'Finished building target: Lab2.elf'
' '
'Invoking: MicroBlaze Print Size'
mb-size Lab2.elf  |tee "Lab2.elf.size"
   text	   data	    bss	    dec	    hex	filename
   7872	    344	   3256	  11472	   2cd0	Lab2.elf
'Finished building: Lab2.elf.size'
' '
10:02:57 **** Auto Build of configuration Debug for project Lab2 ****
make all 
'Building file: ../src/main.c'
'Invoking: MicroBlaze gcc compiler'
mb-gcc -Wall -O0 -g3 -c -fmessage-length=0 -MT"src/main.o" -I../../Lab2_bsp/microblaze_0/include -mlittle-endian -mcpu=v9.4 -mxl-soft-mul -Wl,--no-relax -MMD -MP -MF"src/main.d" -MT"src/main.o" -o "src/main.o" "../src/main.c"
'Finished building: ../src/main.c'
' '
'Building target: Lab2.elf'
'Invoking: MicroBlaze gcc linker'
mb-gcc -Wl,-T -Wl,../src/lscript.ld -L../../Lab2_bsp/microblaze_0/lib -mlittle-endian -mcpu=v9.4 -mxl-soft-mul -Wl,--no-relax -o "Lab2.elf"  ./src/displays.o ./src/main.o   -Wl,--start-group,-lxil,-lgcc,-lc,--end-group
'Finished building target: Lab2.elf'
' '
'Invoking: MicroBlaze Print Size'
mb-size Lab2.elf  |tee "Lab2.elf.size"
   text	   data	    bss	    dec	    hex	filename
   7872	    344	   3256	  11472	   2cd0	Lab2.elf
'Finished building: Lab2.elf.size'
' '
10:03:00 **** Incremental Build of configuration Debug for project Lab1 ****
make all 
make: Inget behöver göras för "all".
10:03:00 **** Incremental Build of configuration Debug for project Lab2 ****
make all 
make: Inget behöver göras för "all".
10:03:31 **** Auto Build of configuration Debug for project Lab2 ****
make all 
'Building file: ../src/main.c'
'Invoking: MicroBlaze gcc compiler'
mb-gcc -Wall -O0 -g3 -c -fmessage-length=0 -MT"src/main.o" -I../../Lab2_bsp/microblaze_0/include -mlittle-endian -mcpu=v9.4 -mxl-soft-mul -Wl,--no-relax -MMD -MP -MF"src/main.d" -MT"src/main.o" -o "src/main.o" "../src/main.c"
'Finished building: ../src/main.c'
' '
'Building target: Lab2.elf'
'Invoking: MicroBlaze gcc linker'
mb-gcc -Wl,-T -Wl,../src/lscript.ld -L../../Lab2_bsp/microblaze_0/lib -mlittle-endian -mcpu=v9.4 -mxl-soft-mul -Wl,--no-relax -o "Lab2.elf"  ./src/displays.o ./src/main.o   -Wl,--start-group,-lxil,-lgcc,-lc,--end-group
'Finished building target: Lab2.elf'
' '
'Invoking: MicroBlaze Print Size'
mb-size Lab2.elf  |tee "Lab2.elf.size"
   text	   data	    bss	    dec	    hex	filename
   7860	    344	   3260	  11464	   2cc8	Lab2.elf
'Finished building: Lab2.elf.size'
' '
10:03:33 **** Incremental Build of configuration Debug for project Lab1 ****
make all 
make: Inget behöver göras för "all".
10:03:34 **** Incremental Build of configuration Debug for project Lab2 ****
make all 
make: Inget behöver göras för "all".
10:06:19 **** Auto Build of configuration Debug for project Lab2 ****
make all 
'Building file: ../src/main.c'
'Invoking: MicroBlaze gcc compiler'
mb-gcc -Wall -O0 -g3 -c -fmessage-length=0 -MT"src/main.o" -I../../Lab2_bsp/microblaze_0/include -mlittle-endian -mcpu=v9.4 -mxl-soft-mul -Wl,--no-relax -MMD -MP -MF"src/main.d" -MT"src/main.o" -o "src/main.o" "../src/main.c"
'Finished building: ../src/main.c'
' '
'Building target: Lab2.elf'
'Invoking: MicroBlaze gcc linker'
mb-gcc -Wl,-T -Wl,../src/lscript.ld -L../../Lab2_bsp/microblaze_0/lib -mlittle-endian -mcpu=v9.4 -mxl-soft-mul -Wl,--no-relax -o "Lab2.elf"  ./src/displays.o ./src/main.o   -Wl,--start-group,-lxil,-lgcc,-lc,--end-group
'Finished building target: Lab2.elf'
' '
'Invoking: MicroBlaze Print Size'
mb-size Lab2.elf  |tee "Lab2.elf.size"
   text	   data	    bss	    dec	    hex	filename
   7876	    344	   3260	  11480	   2cd8	Lab2.elf
'Finished building: Lab2.elf.size'
' '
10:06:23 **** Auto Build of configuration Debug for project Lab2 ****
make all 
'Building file: ../src/main.c'
'Invoking: MicroBlaze gcc compiler'
mb-gcc -Wall -O0 -g3 -c -fmessage-length=0 -MT"src/main.o" -I../../Lab2_bsp/microblaze_0/include -mlittle-endian -mcpu=v9.4 -mxl-soft-mul -Wl,--no-relax -MMD -MP -MF"src/main.d" -MT"src/main.o" -o "src/main.o" "../src/main.c"
'Finished building: ../src/main.c'
' '
'Building target: Lab2.elf'
'Invoking: MicroBlaze gcc linker'
mb-gcc -Wl,-T -Wl,../src/lscript.ld -L../../Lab2_bsp/microblaze_0/lib -mlittle-endian -mcpu=v9.4 -mxl-soft-mul -Wl,--no-relax -o "Lab2.elf"  ./src/displays.o ./src/main.o   -Wl,--start-group,-lxil,-lgcc,-lc,--end-group
'Finished building target: Lab2.elf'
' '
'Invoking: MicroBlaze Print Size'
mb-size Lab2.elf  |tee "Lab2.elf.size"
   text	   data	    bss	    dec	    hex	filename
   7876	    344	   3260	  11480	   2cd8	Lab2.elf
'Finished building: Lab2.elf.size'
' '
10:06:28 **** Incremental Build of configuration Debug for project Lab1 ****
make all 
make: Inget behöver göras för "all".
10:06:29 **** Incremental Build of configuration Debug for project Lab2 ****
make all 
make: Inget behöver göras för "all".
10:08:19 **** Auto Build of configuration Debug for project Lab2 ****
make all 
'Building file: ../src/main.c'
'Invoking: MicroBlaze gcc compiler'
mb-gcc -Wall -O0 -g3 -c -fmessage-length=0 -MT"src/main.o" -I../../Lab2_bsp/microblaze_0/include -mlittle-endian -mcpu=v9.4 -mxl-soft-mul -Wl,--no-relax -MMD -MP -MF"src/main.d" -MT"src/main.o" -o "src/main.o" "../src/main.c"
'Finished building: ../src/main.c'
' '
'Building target: Lab2.elf'
'Invoking: MicroBlaze gcc linker'
mb-gcc -Wl,-T -Wl,../src/lscript.ld -L../../Lab2_bsp/microblaze_0/lib -mlittle-endian -mcpu=v9.4 -mxl-soft-mul -Wl,--no-relax -o "Lab2.elf"  ./src/displays.o ./src/main.o   -Wl,--start-group,-lxil,-lgcc,-lc,--end-group
'Finished building target: Lab2.elf'
' '
'Invoking: MicroBlaze Print Size'
mb-size Lab2.elf  |tee "Lab2.elf.size"
   text	   data	    bss	    dec	    hex	filename
   7888	    344	   3256	  11488	   2ce0	Lab2.elf
'Finished building: Lab2.elf.size'
' '
10:08:24 **** Auto Build of configuration Debug for project Lab2 ****
make all 
'Building file: ../src/main.c'
'Invoking: MicroBlaze gcc compiler'
mb-gcc -Wall -O0 -g3 -c -fmessage-length=0 -MT"src/main.o" -I../../Lab2_bsp/microblaze_0/include -mlittle-endian -mcpu=v9.4 -mxl-soft-mul -Wl,--no-relax -MMD -MP -MF"src/main.d" -MT"src/main.o" -o "src/main.o" "../src/main.c"
'Finished building: ../src/main.c'
' '
'Building target: Lab2.elf'
'Invoking: MicroBlaze gcc linker'
mb-gcc -Wl,-T -Wl,../src/lscript.ld -L../../Lab2_bsp/microblaze_0/lib -mlittle-endian -mcpu=v9.4 -mxl-soft-mul -Wl,--no-relax -o "Lab2.elf"  ./src/displays.o ./src/main.o   -Wl,--start-group,-lxil,-lgcc,-lc,--end-group
'Finished building target: Lab2.elf'
' '
'Invoking: MicroBlaze Print Size'
mb-size Lab2.elf  |tee "Lab2.elf.size"
   text	   data	    bss	    dec	    hex	filename
   7888	    344	   3256	  11488	   2ce0	Lab2.elf
'Finished building: Lab2.elf.size'
' '
10:08:31 **** Incremental Build of configuration Debug for project Lab1 ****
make all 
make: Inget behöver göras för "all".
10:08:32 **** Incremental Build of configuration Debug for project Lab2 ****
make all 
make: Inget behöver göras för "all".
10:09:28 **** Auto Build of configuration Debug for project Lab2 ****
make all 
'Building file: ../src/main.c'
'Invoking: MicroBlaze gcc compiler'
mb-gcc -Wall -O0 -g3 -c -fmessage-length=0 -MT"src/main.o" -I../../Lab2_bsp/microblaze_0/include -mlittle-endian -mcpu=v9.4 -mxl-soft-mul -Wl,--no-relax -MMD -MP -MF"src/main.d" -MT"src/main.o" -o "src/main.o" "../src/main.c"
'Finished building: ../src/main.c'
' '
'Building target: Lab2.elf'
'Invoking: MicroBlaze gcc linker'
mb-gcc -Wl,-T -Wl,../src/lscript.ld -L../../Lab2_bsp/microblaze_0/lib -mlittle-endian -mcpu=v9.4 -mxl-soft-mul -Wl,--no-relax -o "Lab2.elf"  ./src/displays.o ./src/main.o   -Wl,--start-group,-lxil,-lgcc,-lc,--end-group
'Finished building target: Lab2.elf'
' '
'Invoking: MicroBlaze Print Size'
mb-size Lab2.elf  |tee "Lab2.elf.size"
   text	   data	    bss	    dec	    hex	filename
   7872	    344	   3256	  11472	   2cd0	Lab2.elf
'Finished building: Lab2.elf.size'
' '
10:09:43 **** Auto Build of configuration Debug for project Lab2 ****
make all 
'Building file: ../src/main.c'
'Invoking: MicroBlaze gcc compiler'
mb-gcc -Wall -O0 -g3 -c -fmessage-length=0 -MT"src/main.o" -I../../Lab2_bsp/microblaze_0/include -mlittle-endian -mcpu=v9.4 -mxl-soft-mul -Wl,--no-relax -MMD -MP -MF"src/main.d" -MT"src/main.o" -o "src/main.o" "../src/main.c"
'Finished building: ../src/main.c'
' '
'Building target: Lab2.elf'
'Invoking: MicroBlaze gcc linker'
mb-gcc -Wl,-T -Wl,../src/lscript.ld -L../../Lab2_bsp/microblaze_0/lib -mlittle-endian -mcpu=v9.4 -mxl-soft-mul -Wl,--no-relax -o "Lab2.elf"  ./src/displays.o ./src/main.o   -Wl,--start-group,-lxil,-lgcc,-lc,--end-group
'Finished building target: Lab2.elf'
' '
'Invoking: MicroBlaze Print Size'
mb-size Lab2.elf  |tee "Lab2.elf.size"
   text	   data	    bss	    dec	    hex	filename
   7872	    344	   3256	  11472	   2cd0	Lab2.elf
'Finished building: Lab2.elf.size'
' '
10:09:50 **** Incremental Build of configuration Debug for project Lab1 ****
make all 
make: Inget behöver göras för "all".
10:09:50 **** Incremental Build of configuration Debug for project Lab2 ****
make all 
make: Inget behöver göras för "all".
10:10:25 **** Auto Build of configuration Debug for project Lab2 ****
make all 
'Building file: ../src/main.c'
'Invoking: MicroBlaze gcc compiler'
mb-gcc -Wall -O0 -g3 -c -fmessage-length=0 -MT"src/main.o" -I../../Lab2_bsp/microblaze_0/include -mlittle-endian -mcpu=v9.4 -mxl-soft-mul -Wl,--no-relax -MMD -MP -MF"src/main.d" -MT"src/main.o" -o "src/main.o" "../src/main.c"
'Finished building: ../src/main.c'
' '
'Building target: Lab2.elf'
'Invoking: MicroBlaze gcc linker'
mb-gcc -Wl,-T -Wl,../src/lscript.ld -L../../Lab2_bsp/microblaze_0/lib -mlittle-endian -mcpu=v9.4 -mxl-soft-mul -Wl,--no-relax -o "Lab2.elf"  ./src/displays.o ./src/main.o   -Wl,--start-group,-lxil,-lgcc,-lc,--end-group
'Finished building target: Lab2.elf'
' '
'Invoking: MicroBlaze Print Size'
mb-size Lab2.elf  |tee "Lab2.elf.size"
   text	   data	    bss	    dec	    hex	filename
   7872	    344	   3256	  11472	   2cd0	Lab2.elf
'Finished building: Lab2.elf.size'
' '
10:10:35 **** Auto Build of configuration Debug for project Lab2 ****
make all 
'Building file: ../src/main.c'
'Invoking: MicroBlaze gcc compiler'
mb-gcc -Wall -O0 -g3 -c -fmessage-length=0 -MT"src/main.o" -I../../Lab2_bsp/microblaze_0/include -mlittle-endian -mcpu=v9.4 -mxl-soft-mul -Wl,--no-relax -MMD -MP -MF"src/main.d" -MT"src/main.o" -o "src/main.o" "../src/main.c"
'Finished building: ../src/main.c'
' '
'Building target: Lab2.elf'
'Invoking: MicroBlaze gcc linker'
mb-gcc -Wl,-T -Wl,../src/lscript.ld -L../../Lab2_bsp/microblaze_0/lib -mlittle-endian -mcpu=v9.4 -mxl-soft-mul -Wl,--no-relax -o "Lab2.elf"  ./src/displays.o ./src/main.o   -Wl,--start-group,-lxil,-lgcc,-lc,--end-group
'Finished building target: Lab2.elf'
' '
'Invoking: MicroBlaze Print Size'
mb-size Lab2.elf  |tee "Lab2.elf.size"
   text	   data	    bss	    dec	    hex	filename
   7880	    344	   3256	  11480	   2cd8	Lab2.elf
'Finished building: Lab2.elf.size'
' '
10:10:38 **** Incremental Build of configuration Debug for project Lab1 ****
make all 
make: Inget behöver göras för "all".
10:10:38 **** Incremental Build of configuration Debug for project Lab2 ****
make all 
make: Inget behöver göras för "all".
10:12:07 **** Auto Build of configuration Debug for project Lab2 ****
make all 
'Building file: ../src/main.c'
'Invoking: MicroBlaze gcc compiler'
mb-gcc -Wall -O0 -g3 -c -fmessage-length=0 -MT"src/main.o" -I../../Lab2_bsp/microblaze_0/include -mlittle-endian -mcpu=v9.4 -mxl-soft-mul -Wl,--no-relax -MMD -MP -MF"src/main.d" -MT"src/main.o" -o "src/main.o" "../src/main.c"
'Finished building: ../src/main.c'
' '
'Building target: Lab2.elf'
'Invoking: MicroBlaze gcc linker'
mb-gcc -Wl,-T -Wl,../src/lscript.ld -L../../Lab2_bsp/microblaze_0/lib -mlittle-endian -mcpu=v9.4 -mxl-soft-mul -Wl,--no-relax -o "Lab2.elf"  ./src/displays.o ./src/main.o   -Wl,--start-group,-lxil,-lgcc,-lc,--end-group
c:/xilinx/sdk/2016.1/gnu/microblaze/nt/bin/../lib/gcc/microblaze-xilinx-elf/5.2.0/../../../../microblaze-xilinx-elf/lib/le/crtinit.o: In function `_crtinit':
(.text+0x78): undefined reference to `main'
collect2.exe: error: ld returned 1 exit status
make: *** [Lab2.elf] Fel 1
10:12:21 **** Auto Build of configuration Debug for project Lab2 ****
make all 
'Building file: ../src/main.c'
'Invoking: MicroBlaze gcc compiler'
mb-gcc -Wall -O0 -g3 -c -fmessage-length=0 -MT"src/main.o" -I../../Lab2_bsp/microblaze_0/include -mlittle-endian -mcpu=v9.4 -mxl-soft-mul -Wl,--no-relax -MMD -MP -MF"src/main.d" -MT"src/main.o" -o "src/main.o" "../src/main.c"
'Finished building: ../src/main.c'
' '
'Building target: Lab2.elf'
'Invoking: MicroBlaze gcc linker'
mb-gcc -Wl,-T -Wl,../src/lscript.ld -L../../Lab2_bsp/microblaze_0/lib -mlittle-endian -mcpu=v9.4 -mxl-soft-mul -Wl,--no-relax -o "Lab2.elf"  ./src/displays.o ./src/main.o   -Wl,--start-group,-lxil,-lgcc,-lc,--end-group
c:/xilinx/sdk/2016.1/gnu/microblaze/nt/bin/../lib/gcc/microblaze-xilinx-elf/5.2.0/../../../../microblaze-xilinx-elf/lib/le/crtinit.o: In function `_crtinit':
(.text+0x78): undefined reference to `main'
collect2.exe: error: ld returned 1 exit status
make: *** [Lab2.elf] Fel 1
10:12:25 **** Auto Build of configuration Debug for project Lab2 ****
make all 
'Building file: ../src/main.c'
'Invoking: MicroBlaze gcc compiler'
mb-gcc -Wall -O0 -g3 -c -fmessage-length=0 -MT"src/main.o" -I../../Lab2_bsp/microblaze_0/include -mlittle-endian -mcpu=v9.4 -mxl-soft-mul -Wl,--no-relax -MMD -MP -MF"src/main.d" -MT"src/main.o" -o "src/main.o" "../src/main.c"
'Finished building: ../src/main.c'
' '
'Building target: Lab2.elf'
'Invoking: MicroBlaze gcc linker'
mb-gcc -Wl,-T -Wl,../src/lscript.ld -L../../Lab2_bsp/microblaze_0/lib -mlittle-endian -mcpu=v9.4 -mxl-soft-mul -Wl,--no-relax -o "Lab2.elf"  ./src/displays.o ./src/main.o   -Wl,--start-group,-lxil,-lgcc,-lc,--end-group
'Finished building target: Lab2.elf'
' '
'Invoking: MicroBlaze Print Size'
mb-size Lab2.elf  |tee "Lab2.elf.size"
   text	   data	    bss	    dec	    hex	filename
   7880	    344	   3256	  11480	   2cd8	Lab2.elf
'Finished building: Lab2.elf.size'
' '
10:12:45 **** Auto Build of configuration Debug for project Lab2 ****
make all 
'Building file: ../src/main.c'
'Invoking: MicroBlaze gcc compiler'
mb-gcc -Wall -O0 -g3 -c -fmessage-length=0 -MT"src/main.o" -I../../Lab2_bsp/microblaze_0/include -mlittle-endian -mcpu=v9.4 -mxl-soft-mul -Wl,--no-relax -MMD -MP -MF"src/main.d" -MT"src/main.o" -o "src/main.o" "../src/main.c"
'Finished building: ../src/main.c'
' '
'Building target: Lab2.elf'
'Invoking: MicroBlaze gcc linker'
mb-gcc -Wl,-T -Wl,../src/lscript.ld -L../../Lab2_bsp/microblaze_0/lib -mlittle-endian -mcpu=v9.4 -mxl-soft-mul -Wl,--no-relax -o "Lab2.elf"  ./src/displays.o ./src/main.o   -Wl,--start-group,-lxil,-lgcc,-lc,--end-group
'Finished building target: Lab2.elf'
' '
'Invoking: MicroBlaze Print Size'
mb-size Lab2.elf  |tee "Lab2.elf.size"
   text	   data	    bss	    dec	    hex	filename
   7872	    344	   3256	  11472	   2cd0	Lab2.elf
'Finished building: Lab2.elf.size'
' '
10:12:50 **** Auto Build of configuration Debug for project Lab2 ****
make all 
'Building file: ../src/main.c'
'Invoking: MicroBlaze gcc compiler'
mb-gcc -Wall -O0 -g3 -c -fmessage-length=0 -MT"src/main.o" -I../../Lab2_bsp/microblaze_0/include -mlittle-endian -mcpu=v9.4 -mxl-soft-mul -Wl,--no-relax -MMD -MP -MF"src/main.d" -MT"src/main.o" -o "src/main.o" "../src/main.c"
'Finished building: ../src/main.c'
' '
'Building target: Lab2.elf'
'Invoking: MicroBlaze gcc linker'
mb-gcc -Wl,-T -Wl,../src/lscript.ld -L../../Lab2_bsp/microblaze_0/lib -mlittle-endian -mcpu=v9.4 -mxl-soft-mul -Wl,--no-relax -o "Lab2.elf"  ./src/displays.o ./src/main.o   -Wl,--start-group,-lxil,-lgcc,-lc,--end-group
'Finished building target: Lab2.elf'
' '
'Invoking: MicroBlaze Print Size'
mb-size Lab2.elf  |tee "Lab2.elf.size"
   text	   data	    bss	    dec	    hex	filename
   7872	    344	   3256	  11472	   2cd0	Lab2.elf
'Finished building: Lab2.elf.size'
' '
10:12:54 **** Incremental Build of configuration Debug for project Lab1 ****
make all 
make: Inget behöver göras för "all".
10:12:55 **** Incremental Build of configuration Debug for project Lab2 ****
make all 
make: Inget behöver göras för "all".
10:13:36 **** Auto Build of configuration Debug for project Lab2 ****
make all 
'Building file: ../src/main.c'
'Invoking: MicroBlaze gcc compiler'
mb-gcc -Wall -O0 -g3 -c -fmessage-length=0 -MT"src/main.o" -I../../Lab2_bsp/microblaze_0/include -mlittle-endian -mcpu=v9.4 -mxl-soft-mul -Wl,--no-relax -MMD -MP -MF"src/main.d" -MT"src/main.o" -o "src/main.o" "../src/main.c"
'Finished building: ../src/main.c'
' '
'Building target: Lab2.elf'
'Invoking: MicroBlaze gcc linker'
mb-gcc -Wl,-T -Wl,../src/lscript.ld -L../../Lab2_bsp/microblaze_0/lib -mlittle-endian -mcpu=v9.4 -mxl-soft-mul -Wl,--no-relax -o "Lab2.elf"  ./src/displays.o ./src/main.o   -Wl,--start-group,-lxil,-lgcc,-lc,--end-group
'Finished building target: Lab2.elf'
' '
'Invoking: MicroBlaze Print Size'
mb-size Lab2.elf  |tee "Lab2.elf.size"
   text	   data	    bss	    dec	    hex	filename
   7872	    344	   3256	  11472	   2cd0	Lab2.elf
'Finished building: Lab2.elf.size'
' '
10:13:49 **** Auto Build of configuration Debug for project Lab2 ****
make all 
'Building file: ../src/main.c'
'Invoking: MicroBlaze gcc compiler'
mb-gcc -Wall -O0 -g3 -c -fmessage-length=0 -MT"src/main.o" -I../../Lab2_bsp/microblaze_0/include -mlittle-endian -mcpu=v9.4 -mxl-soft-mul -Wl,--no-relax -MMD -MP -MF"src/main.d" -MT"src/main.o" -o "src/main.o" "../src/main.c"
'Finished building: ../src/main.c'
' '
'Building target: Lab2.elf'
'Invoking: MicroBlaze gcc linker'
mb-gcc -Wl,-T -Wl,../src/lscript.ld -L../../Lab2_bsp/microblaze_0/lib -mlittle-endian -mcpu=v9.4 -mxl-soft-mul -Wl,--no-relax -o "Lab2.elf"  ./src/displays.o ./src/main.o   -Wl,--start-group,-lxil,-lgcc,-lc,--end-group
'Finished building target: Lab2.elf'
' '
'Invoking: MicroBlaze Print Size'
mb-size Lab2.elf  |tee "Lab2.elf.size"
   text	   data	    bss	    dec	    hex	filename
   7872	    344	   3256	  11472	   2cd0	Lab2.elf
'Finished building: Lab2.elf.size'
' '
10:14:51 **** Auto Build of configuration Debug for project Lab2 ****
make all 
'Building file: ../src/main.c'
'Invoking: MicroBlaze gcc compiler'
mb-gcc -Wall -O0 -g3 -c -fmessage-length=0 -MT"src/main.o" -I../../Lab2_bsp/microblaze_0/include -mlittle-endian -mcpu=v9.4 -mxl-soft-mul -Wl,--no-relax -MMD -MP -MF"src/main.d" -MT"src/main.o" -o "src/main.o" "../src/main.c"
'Finished building: ../src/main.c'
' '
'Building target: Lab2.elf'
'Invoking: MicroBlaze gcc linker'
mb-gcc -Wl,-T -Wl,../src/lscript.ld -L../../Lab2_bsp/microblaze_0/lib -mlittle-endian -mcpu=v9.4 -mxl-soft-mul -Wl,--no-relax -o "Lab2.elf"  ./src/displays.o ./src/main.o   -Wl,--start-group,-lxil,-lgcc,-lc,--end-group
'Finished building target: Lab2.elf'
' '
'Invoking: MicroBlaze Print Size'
mb-size Lab2.elf  |tee "Lab2.elf.size"
   text	   data	    bss	    dec	    hex	filename
   7872	    344	   3256	  11472	   2cd0	Lab2.elf
'Finished building: Lab2.elf.size'
' '
10:14:55 **** Incremental Build of configuration Debug for project Lab1 ****
make all 
make: Inget behöver göras för "all".
10:14:55 **** Incremental Build of configuration Debug for project Lab2 ****
make all 
make: Inget behöver göras för "all".
10:15:22 **** Auto Build of configuration Debug for project Lab2 ****
make all 
'Building file: ../src/main.c'
'Invoking: MicroBlaze gcc compiler'
mb-gcc -Wall -O0 -g3 -c -fmessage-length=0 -MT"src/main.o" -I../../Lab2_bsp/microblaze_0/include -mlittle-endian -mcpu=v9.4 -mxl-soft-mul -Wl,--no-relax -MMD -MP -MF"src/main.d" -MT"src/main.o" -o "src/main.o" "../src/main.c"
'Finished building: ../src/main.c'
' '
'Building target: Lab2.elf'
'Invoking: MicroBlaze gcc linker'
mb-gcc -Wl,-T -Wl,../src/lscript.ld -L../../Lab2_bsp/microblaze_0/lib -mlittle-endian -mcpu=v9.4 -mxl-soft-mul -Wl,--no-relax -o "Lab2.elf"  ./src/displays.o ./src/main.o   -Wl,--start-group,-lxil,-lgcc,-lc,--end-group
'Finished building target: Lab2.elf'
' '
'Invoking: MicroBlaze Print Size'
mb-size Lab2.elf  |tee "Lab2.elf.size"
   text	   data	    bss	    dec	    hex	filename
   7884	    344	   3260	  11488	   2ce0	Lab2.elf
'Finished building: Lab2.elf.size'
' '
10:15:48 **** Auto Build of configuration Debug for project Lab2 ****
make all 
'Building file: ../src/main.c'
'Invoking: MicroBlaze gcc compiler'
mb-gcc -Wall -O0 -g3 -c -fmessage-length=0 -MT"src/main.o" -I../../Lab2_bsp/microblaze_0/include -mlittle-endian -mcpu=v9.4 -mxl-soft-mul -Wl,--no-relax -MMD -MP -MF"src/main.d" -MT"src/main.o" -o "src/main.o" "../src/main.c"
'Finished building: ../src/main.c'
' '
'Building target: Lab2.elf'
'Invoking: MicroBlaze gcc linker'
mb-gcc -Wl,-T -Wl,../src/lscript.ld -L../../Lab2_bsp/microblaze_0/lib -mlittle-endian -mcpu=v9.4 -mxl-soft-mul -Wl,--no-relax -o "Lab2.elf"  ./src/displays.o ./src/main.o   -Wl,--start-group,-lxil,-lgcc,-lc,--end-group
'Finished building target: Lab2.elf'
' '
'Invoking: MicroBlaze Print Size'
mb-size Lab2.elf  |tee "Lab2.elf.size"
   text	   data	    bss	    dec	    hex	filename
   7916	    344	   3260	  11520	   2d00	Lab2.elf
'Finished building: Lab2.elf.size'
' '
10:15:50 **** Incremental Build of configuration Debug for project Lab1 ****
make all 
make: Inget behöver göras för "all".
10:15:50 **** Incremental Build of configuration Debug for project Lab2 ****
make all 
make: Inget behöver göras för "all".
[...]
./src/AssemblyImplementation.o: In function `n_to_display_rep':
C:\Users\dic14eh2\git\eit070\workspace-eit070\Lab3\Debug/../src/AssemblyImplementation.S:267: undefined reference to `normal'
collect2.exe: error: ld returned 1 exit status
make: *** [Lab3.elf] Fel 1
10:42:21 **** Auto Build of configuration Debug for project Lab3 ****
make all 
'Building file: ../src/AssemblyImplementation.S'
'Invoking: MicroBlaze gcc compiler'
mb-gcc -Wall -O0 -g3 -c -fmessage-length=0 -MT"src/AssemblyImplementation.o" -I../../Lab3_bsp/microblaze_0/include -mlittle-endian -mcpu=v9.4 -mxl-soft-mul -Wl,--no-relax -MMD -MP -MF"src/AssemblyImplementation.d" -MT"src/AssemblyImplementation.o" -o "src/AssemblyImplementation.o" "../src/AssemblyImplementation.S"
'Finished building: ../src/AssemblyImplementation.S'
' '
'Building target: Lab3.elf'
'Invoking: MicroBlaze gcc linker'
mb-gcc -Wl,-T -Wl,../src/lscript.ld -L../../Lab3_bsp/microblaze_0/lib -mlittle-endian -mcpu=v9.4 -mxl-soft-mul -Wl,--no-relax -o "Lab3.elf"  ./src/AssemblyImplementation.o ./src/displays.o ./src/main.o   -Wl,--start-group,-lxil,-lgcc,-lc,--end-group
'Finished building target: Lab3.elf'
' '
'Invoking: MicroBlaze Print Size'
mb-size Lab3.elf  |tee "Lab3.elf.size"
   text	   data	    bss	    dec	    hex	filename
   8356	    344	   3252	  11952	   2eb0	Lab3.elf
'Finished building: Lab3.elf.size'
' '
10:43:50 **** Auto Build of configuration Debug for project Lab3 ****
make all 
'Building file: ../src/AssemblyImplementation.S'
'Invoking: MicroBlaze gcc compiler'
mb-gcc -Wall -O0 -g3 -c -fmessage-length=0 -MT"src/AssemblyImplementation.o" -I../../Lab3_bsp/microblaze_0/include -mlittle-endian -mcpu=v9.4 -mxl-soft-mul -Wl,--no-relax -MMD -MP -MF"src/AssemblyImplementation.d" -MT"src/AssemblyImplementation.o" -o "src/AssemblyImplementation.o" "../src/AssemblyImplementation.S"
'Finished building: ../src/AssemblyImplementation.S'
' '
'Building target: Lab3.elf'
'Invoking: MicroBlaze gcc linker'
mb-gcc -Wl,-T -Wl,../src/lscript.ld -L../../Lab3_bsp/microblaze_0/lib -mlittle-endian -mcpu=v9.4 -mxl-soft-mul -Wl,--no-relax -o "Lab3.elf"  ./src/AssemblyImplementation.o ./src/displays.o ./src/main.o   -Wl,--start-group,-lxil,-lgcc,-lc,--end-group
'Finished building target: Lab3.elf'
' '
'Invoking: MicroBlaze Print Size'
mb-size Lab3.elf  |tee "Lab3.elf.size"
   text	   data	    bss	    dec	    hex	filename
   8352	    344	   3248	  11944	   2ea8	Lab3.elf
'Finished building: Lab3.elf.size'
' '
10:44:31 **** Auto Build of configuration Debug for project Lab3 ****
make all 
'Building file: ../src/AssemblyImplementation.S'
'Invoking: MicroBlaze gcc compiler'
mb-gcc -Wall -O0 -g3 -c -fmessage-length=0 -MT"src/AssemblyImplementation.o" -I../../Lab3_bsp/microblaze_0/include -mlittle-endian -mcpu=v9.4 -mxl-soft-mul -Wl,--no-relax -MMD -MP -MF"src/AssemblyImplementation.d" -MT"src/AssemblyImplementation.o" -o "src/AssemblyImplementation.o" "../src/AssemblyImplementation.S"
'Finished building: ../src/AssemblyImplementation.S'
' '
'Building target: Lab3.elf'
'Invoking: MicroBlaze gcc linker'
mb-gcc -Wl,-T -Wl,../src/lscript.ld -L../../Lab3_bsp/microblaze_0/lib -mlittle-endian -mcpu=v9.4 -mxl-soft-mul -Wl,--no-relax -o "Lab3.elf"  ./src/AssemblyImplementation.o ./src/displays.o ./src/main.o   -Wl,--start-group,-lxil,-lgcc,-lc,--end-group
'Finished building target: Lab3.elf'
' '
'Invoking: MicroBlaze Print Size'
mb-size Lab3.elf  |tee "Lab3.elf.size"
   text	   data	    bss	    dec	    hex	filename
   8352	    344	   3248	  11944	   2ea8	Lab3.elf
'Finished building: Lab3.elf.size'
' '
10:47:18 **** Auto Build of configuration Debug for project Lab3 ****
make all 
'Building file: ../src/AssemblyImplementation.S'
'Invoking: MicroBlaze gcc compiler'
mb-gcc -Wall -O0 -g3 -c -fmessage-length=0 -MT"src/AssemblyImplementation.o" -I../../Lab3_bsp/microblaze_0/include -mlittle-endian -mcpu=v9.4 -mxl-soft-mul -Wl,--no-relax -MMD -MP -MF"src/AssemblyImplementation.d" -MT"src/AssemblyImplementation.o" -o "src/AssemblyImplementation.o" "../src/AssemblyImplementation.S"
'Finished building: ../src/AssemblyImplementation.S'
' '
'Building target: Lab3.elf'
'Invoking: MicroBlaze gcc linker'
mb-gcc -Wl,-T -Wl,../src/lscript.ld -L../../Lab3_bsp/microblaze_0/lib -mlittle-endian -mcpu=v9.4 -mxl-soft-mul -Wl,--no-relax -o "Lab3.elf"  ./src/AssemblyImplementation.o ./src/displays.o ./src/main.o   -Wl,--start-group,-lxil,-lgcc,-lc,--end-group
'Finished building target: Lab3.elf'
' '
'Invoking: MicroBlaze Print Size'
mb-size Lab3.elf  |tee "Lab3.elf.size"
   text	   data	    bss	    dec	    hex	filename
   8348	    344	   3252	  11944	   2ea8	Lab3.elf
'Finished building: Lab3.elf.size'
' '
10:47:26 **** Auto Build of configuration Debug for project Lab3 ****
make all 
'Building file: ../src/AssemblyImplementation.S'
'Invoking: MicroBlaze gcc compiler'
mb-gcc -Wall -O0 -g3 -c -fmessage-length=0 -MT"src/AssemblyImplementation.o" -I../../Lab3_bsp/microblaze_0/include -mlittle-endian -mcpu=v9.4 -mxl-soft-mul -Wl,--no-relax -MMD -MP -MF"src/AssemblyImplementation.d" -MT"src/AssemblyImplementation.o" -o "src/AssemblyImplementation.o" "../src/AssemblyImplementation.S"
'Finished building: ../src/AssemblyImplementation.S'
' '
'Building target: Lab3.elf'
'Invoking: MicroBlaze gcc linker'
mb-gcc -Wl,-T -Wl,../src/lscript.ld -L../../Lab3_bsp/microblaze_0/lib -mlittle-endian -mcpu=v9.4 -mxl-soft-mul -Wl,--no-relax -o "Lab3.elf"  ./src/AssemblyImplementation.o ./src/displays.o ./src/main.o   -Wl,--start-group,-lxil,-lgcc,-lc,--end-group
'Finished building target: Lab3.elf'
' '
'Invoking: MicroBlaze Print Size'
mb-size Lab3.elf  |tee "Lab3.elf.size"
   text	   data	    bss	    dec	    hex	filename
   8344	    344	   3248	  11936	   2ea0	Lab3.elf
'Finished building: Lab3.elf.size'
' '
10:48:19 **** Auto Build of configuration Debug for project Lab3 ****
make all 
'Building file: ../src/AssemblyImplementation.S'
'Invoking: MicroBlaze gcc compiler'
mb-gcc -Wall -O0 -g3 -c -fmessage-length=0 -MT"src/AssemblyImplementation.o" -I../../Lab3_bsp/microblaze_0/include -mlittle-endian -mcpu=v9.4 -mxl-soft-mul -Wl,--no-relax -MMD -MP -MF"src/AssemblyImplementation.d" -MT"src/AssemblyImplementation.o" -o "src/AssemblyImplementation.o" "../src/AssemblyImplementation.S"
'Finished building: ../src/AssemblyImplementation.S'
' '
'Building target: Lab3.elf'
'Invoking: MicroBlaze gcc linker'
mb-gcc -Wl,-T -Wl,../src/lscript.ld -L../../Lab3_bsp/microblaze_0/lib -mlittle-endian -mcpu=v9.4 -mxl-soft-mul -Wl,--no-relax -o "Lab3.elf"  ./src/AssemblyImplementation.o ./src/displays.o ./src/main.o   -Wl,--start-group,-lxil,-lgcc,-lc,--end-group
'Finished building target: Lab3.elf'
' '
'Invoking: MicroBlaze Print Size'
mb-size Lab3.elf  |tee "Lab3.elf.size"
   text	   data	    bss	    dec	    hex	filename
   8348	    344	   3252	  11944	   2ea8	Lab3.elf
'Finished building: Lab3.elf.size'
' '
10:48:24 **** Incremental Build of configuration Debug for project Lab1 ****
make all 
make: Inget behöver göras för "all".
10:48:24 **** Incremental Build of configuration Debug for project Lab2 ****
make all 
make: Inget behöver göras för "all".
10:48:25 **** Incremental Build of configuration Debug for project Lab3 ****
make all 
make: Inget behöver göras för "all".
10:48:58 **** Auto Build of configuration Debug for project Lab3 ****
make all 
'Building file: ../src/AssemblyImplementation.S'
'Invoking: MicroBlaze gcc compiler'
mb-gcc -Wall -O0 -g3 -c -fmessage-length=0 -MT"src/AssemblyImplementation.o" -I../../Lab3_bsp/microblaze_0/include -mlittle-endian -mcpu=v9.4 -mxl-soft-mul -Wl,--no-relax -MMD -MP -MF"src/AssemblyImplementation.d" -MT"src/AssemblyImplementation.o" -o "src/AssemblyImplementation.o" "../src/AssemblyImplementation.S"
'Finished building: ../src/AssemblyImplementation.S'
' '
'Building target: Lab3.elf'
'Invoking: MicroBlaze gcc linker'
mb-gcc -Wl,-T -Wl,../src/lscript.ld -L../../Lab3_bsp/microblaze_0/lib -mlittle-endian -mcpu=v9.4 -mxl-soft-mul -Wl,--no-relax -o "Lab3.elf"  ./src/AssemblyImplementation.o ./src/displays.o ./src/main.o   -Wl,--start-group,-lxil,-lgcc,-lc,--end-group
'Finished building target: Lab3.elf'
' '
'Invoking: MicroBlaze Print Size'
mb-size Lab3.elf  |tee "Lab3.elf.size"
   text	   data	    bss	    dec	    hex	filename
   8356	    344	   3252	  11952	   2eb0	Lab3.elf
'Finished building: Lab3.elf.size'
' '
10:50:21 **** Incremental Build of configuration Debug for project Lab1 ****
make all 
make: Inget behöver göras för "all".
10:50:21 **** Incremental Build of configuration Debug for project Lab2 ****
make all 
make: Inget behöver göras för "all".
10:50:21 **** Incremental Build of configuration Debug for project Lab3 ****
make all 
make: Inget behöver göras för "all".
10:52:24 **** Auto Build of configuration Debug for project Lab3 ****
make all 
'Building file: ../src/AssemblyImplementation.S'
'Invoking: MicroBlaze gcc compiler'
mb-gcc -Wall -O0 -g3 -c -fmessage-length=0 -MT"src/AssemblyImplementation.o" -I../../Lab3_bsp/microblaze_0/include -mlittle-endian -mcpu=v9.4 -mxl-soft-mul -Wl,--no-relax -MMD -MP -MF"src/AssemblyImplementation.d" -MT"src/AssemblyImplementation.o" -o "src/AssemblyImplementation.o" "../src/AssemblyImplementation.S"
'Finished building: ../src/AssemblyImplementation.S'
' '
'Building target: Lab3.elf'
'Invoking: MicroBlaze gcc linker'
mb-gcc -Wl,-T -Wl,../src/lscript.ld -L../../Lab3_bsp/microblaze_0/lib -mlittle-endian -mcpu=v9.4 -mxl-soft-mul -Wl,--no-relax -o "Lab3.elf"  ./src/AssemblyImplementation.o ./src/displays.o ./src/main.o   -Wl,--start-group,-lxil,-lgcc,-lc,--end-group
'Finished building target: Lab3.elf'
' '
'Invoking: MicroBlaze Print Size'
mb-size Lab3.elf  |tee "Lab3.elf.size"
   text	   data	    bss	    dec	    hex	filename
   8356	    344	   3252	  11952	   2eb0	Lab3.elf
'Finished building: Lab3.elf.size'
' '
10:52:27 **** Incremental Build of configuration Debug for project Lab1 ****
make all 
make: Inget behöver göras för "all".
10:52:28 **** Incremental Build of configuration Debug for project Lab2 ****
make all 
make: Inget behöver göras för "all".
10:52:28 **** Incremental Build of configuration Debug for project Lab3 ****
make all 
make: Inget behöver göras för "all".
11:02:09 **** Auto Build of configuration Debug for project Lab3 ****
make all 
'Building file: ../src/AssemblyImplementation.S'
'Invoking: MicroBlaze gcc compiler'
mb-gcc -Wall -O0 -g3 -c -fmessage-length=0 -MT"src/AssemblyImplementation.o" -I../../Lab3_bsp/microblaze_0/include -mlittle-endian -mcpu=v9.4 -mxl-soft-mul -Wl,--no-relax -MMD -MP -MF"src/AssemblyImplementation.d" -MT"src/AssemblyImplementation.o" -o "src/AssemblyImplementation.o" "../src/AssemblyImplementation.S"
'Finished building: ../src/AssemblyImplementation.S'
' '
'Building target: Lab3.elf'
'Invoking: MicroBlaze gcc linker'
mb-gcc -Wl,-T -Wl,../src/lscript.ld -L../../Lab3_bsp/microblaze_0/lib -mlittle-endian -mcpu=v9.4 -mxl-soft-mul -Wl,--no-relax -o "Lab3.elf"  ./src/AssemblyImplementation.o ./src/displays.o ./src/main.o   -Wl,--start-group,-lxil,-lgcc,-lc,--end-group
'Finished building target: Lab3.elf'
' '
'Invoking: MicroBlaze Print Size'
mb-size Lab3.elf  |tee "Lab3.elf.size"
   text	   data	    bss	    dec	    hex	filename
   8356	    344	   3252	  11952	   2eb0	Lab3.elf
'Finished building: Lab3.elf.size'
' '
11:03:25 **** Auto Build of configuration Debug for project Lab3 ****
make all 
'Building file: ../src/AssemblyImplementation.S'
'Invoking: MicroBlaze gcc compiler'
mb-gcc -Wall -O0 -g3 -c -fmessage-length=0 -MT"src/AssemblyImplementation.o" -I../../Lab3_bsp/microblaze_0/include -mlittle-endian -mcpu=v9.4 -mxl-soft-mul -Wl,--no-relax -MMD -MP -MF"src/AssemblyImplementation.d" -MT"src/AssemblyImplementation.o" -o "src/AssemblyImplementation.o" "../src/AssemblyImplementation.S"
'Finished building: ../src/AssemblyImplementation.S'
' '
'Building target: Lab3.elf'
'Invoking: MicroBlaze gcc linker'
mb-gcc -Wl,-T -Wl,../src/lscript.ld -L../../Lab3_bsp/microblaze_0/lib -mlittle-endian -mcpu=v9.4 -mxl-soft-mul -Wl,--no-relax -o "Lab3.elf"  ./src/AssemblyImplementation.o ./src/displays.o ./src/main.o   -Wl,--start-group,-lxil,-lgcc,-lc,--end-group
'Finished building target: Lab3.elf'
' '
'Invoking: MicroBlaze Print Size'
mb-size Lab3.elf  |tee "Lab3.elf.size"
   text	   data	    bss	    dec	    hex	filename
   8364	    344	   3252	  11960	   2eb8	Lab3.elf
'Finished building: Lab3.elf.size'
' '
11:03:34 **** Incremental Build of configuration Debug for project Lab1 ****
make all 
make: Inget behöver göras för "all".
11:03:34 **** Incremental Build of configuration Debug for project Lab2 ****
make all 
make: Inget behöver göras för "all".
11:03:34 **** Incremental Build of configuration Debug for project Lab3 ****
make all 
make: Inget behöver göras för "all".
11:04:07 **** Incremental Build of configuration Debug for project Lab1 ****
make all 
make: Inget behöver göras för "all".
11:04:07 **** Incremental Build of configuration Debug for project Lab2 ****
make all 
make: Inget behöver göras för "all".
11:04:08 **** Incremental Build of configuration Debug for project Lab3 ****
make all 
make: Inget behöver göras för "all".
11:04:11 **** Incremental Build of configuration Debug for project Lab1 ****
make all 
make: Inget behöver göras för "all".
11:04:11 **** Incremental Build of configuration Debug for project Lab2 ****
make all 
make: Inget behöver göras för "all".
11:04:12 **** Incremental Build of configuration Debug for project Lab3 ****
make all 
make: Inget behöver göras för "all".
11:05:04 **** Incremental Build of configuration Debug for project Lab1 ****
make all 
make: Inget behöver göras för "all".
11:05:05 **** Incremental Build of configuration Debug for project Lab2 ****
make all 
make: Inget behöver göras för "all".
11:05:05 **** Incremental Build of configuration Debug for project Lab3 ****
make all 
make: Inget behöver göras för "all".
11:05:56 **** Auto Build of configuration Debug for project Lab3 ****
make all 
'Building file: ../src/main.c'
'Invoking: MicroBlaze gcc compiler'
mb-gcc -Wall -O0 -g3 -c -fmessage-length=0 -MT"src/main.o" -I../../Lab3_bsp/microblaze_0/include -mlittle-endian -mcpu=v9.4 -mxl-soft-mul -Wl,--no-relax -MMD -MP -MF"src/main.d" -MT"src/main.o" -o "src/main.o" "../src/main.c"
'Finished building: ../src/main.c'
' '
'Building target: Lab3.elf'
'Invoking: MicroBlaze gcc linker'
mb-gcc -Wl,-T -Wl,../src/lscript.ld -L../../Lab3_bsp/microblaze_0/lib -mlittle-endian -mcpu=v9.4 -mxl-soft-mul -Wl,--no-relax -o "Lab3.elf"  ./src/AssemblyImplementation.o ./src/displays.o ./src/main.o   -Wl,--start-group,-lxil,-lgcc,-lc,--end-group
'Finished building target: Lab3.elf'
' '
'Invoking: MicroBlaze Print Size'
mb-size Lab3.elf  |tee "Lab3.elf.size"
   text	   data	    bss	    dec	    hex	filename
   8388	    344	   3252	  11984	   2ed0	Lab3.elf
'Finished building: Lab3.elf.size'
' '
11:05:59 **** Incremental Build of configuration Debug for project Lab1 ****
make all 
make: Inget behöver göras för "all".
11:06:00 **** Incremental Build of configuration Debug for project Lab2 ****
make all 
make: Inget behöver göras för "all".
11:06:00 **** Incremental Build of configuration Debug for project Lab3 ****
make all 
make: Inget behöver göras för "all".
11:06:08 **** Auto Build of configuration Debug for project Lab3 ****
make all 
'Building file: ../src/main.c'
'Invoking: MicroBlaze gcc compiler'
mb-gcc -Wall -O0 -g3 -c -fmessage-length=0 -MT"src/main.o" -I../../Lab3_bsp/microblaze_0/include -mlittle-endian -mcpu=v9.4 -mxl-soft-mul -Wl,--no-relax -MMD -MP -MF"src/main.d" -MT"src/main.o" -o "src/main.o" "../src/main.c"
'Finished building: ../src/main.c'
' '
'Building target: Lab3.elf'
'Invoking: MicroBlaze gcc linker'
mb-gcc -Wl,-T -Wl,../src/lscript.ld -L../../Lab3_bsp/microblaze_0/lib -mlittle-endian -mcpu=v9.4 -mxl-soft-mul -Wl,--no-relax -o "Lab3.elf"  ./src/AssemblyImplementation.o ./src/displays.o ./src/main.o   -Wl,--start-group,-lxil,-lgcc,-lc,--end-group
'Finished building target: Lab3.elf'
' '
'Invoking: MicroBlaze Print Size'
mb-size Lab3.elf  |tee "Lab3.elf.size"
   text	   data	    bss	    dec	    hex	filename
   8364	    344	   3252	  11960	   2eb8	Lab3.elf
'Finished building: Lab3.elf.size'
' '
11:06:38 **** Incremental Build of configuration Debug for project Lab1 ****
make all 
make: Inget behöver göras för "all".
11:06:38 **** Incremental Build of configuration Debug for project Lab2 ****
make all 
make: Inget behöver göras för "all".
11:06:39 **** Incremental Build of configuration Debug for project Lab3 ****
make all 
make: Inget behöver göras för "all".
11:08:18 **** Incremental Build of configuration Debug for project Lab1 ****
make all 
make: Inget behöver göras för "all".
11:08:18 **** Incremental Build of configuration Debug for project Lab2 ****
make all 
make: Inget behöver göras för "all".
11:08:19 **** Incremental Build of configuration Debug for project Lab3 ****
make all 
make: Inget behöver göras för "all".
11:15:04 **** Incremental Build of configuration Debug for project Lab1 ****
make all 
make: Inget behöver göras för "all".
11:15:05 **** Incremental Build of configuration Debug for project Lab2 ****
make all 
make: Inget behöver göras för "all".
11:15:05 **** Incremental Build of configuration Debug for project Lab3 ****
make all 
make: Inget behöver göras för "all".
11:15:39 **** Incremental Build of configuration Debug for project Lab1 ****
make all 
make: Inget behöver göras för "all".
11:15:39 **** Incremental Build of configuration Debug for project Lab2 ****
make all 
make: Inget behöver göras för "all".
11:15:40 **** Incremental Build of configuration Debug for project Lab3 ****
make all 
make: Inget behöver göras för "all".
11:17:27 **** Incremental Build of configuration Debug for project Lab1 ****
make all 
make: Inget behöver göras för "all".
11:17:27 **** Incremental Build of configuration Debug for project Lab2 ****
make all 
make: Inget behöver göras för "all".
11:17:27 **** Incremental Build of configuration Debug for project Lab3 ****
make all 
make: Inget behöver göras för "all".
11:21:10 **** Auto Build of configuration Debug for project Lab3 ****
make all 
'Building file: ../src/AssemblyImplementation.S'
'Invoking: MicroBlaze gcc compiler'
mb-gcc -Wall -O0 -g3 -c -fmessage-length=0 -MT"src/AssemblyImplementation.o" -I../../Lab3_bsp/microblaze_0/include -mlittle-endian -mcpu=v9.4 -mxl-soft-mul -Wl,--no-relax -MMD -MP -MF"src/AssemblyImplementation.d" -MT"src/AssemblyImplementation.o" -o "src/AssemblyImplementation.o" "../src/AssemblyImplementation.S"
'Finished building: ../src/AssemblyImplementation.S'
' '
'Building target: Lab3.elf'
'Invoking: MicroBlaze gcc linker'
mb-gcc -Wl,-T -Wl,../src/lscript.ld -L../../Lab3_bsp/microblaze_0/lib -mlittle-endian -mcpu=v9.4 -mxl-soft-mul -Wl,--no-relax -o "Lab3.elf"  ./src/AssemblyImplementation.o ./src/displays.o ./src/main.o   -Wl,--start-group,-lxil,-lgcc,-lc,--end-group
'Finished building target: Lab3.elf'
' '
'Invoking: MicroBlaze Print Size'
mb-size Lab3.elf  |tee "Lab3.elf.size"
   text	   data	    bss	    dec	    hex	filename
   8368	    344	   3248	  11960	   2eb8	Lab3.elf
'Finished building: Lab3.elf.size'
' '
11:21:14 **** Incremental Build of configuration Debug for project Lab1 ****
make all 
make: Inget behöver göras för "all".
11:21:14 **** Incremental Build of configuration Debug for project Lab2 ****
make all 
make: Inget behöver göras för "all".
11:21:15 **** Incremental Build of configuration Debug for project Lab3 ****
make all 
make: Inget behöver göras för "all".
11:21:40 **** Incremental Build of configuration Debug for project Lab1 ****
make all 
make: Inget behöver göras för "all".
11:21:40 **** Incremental Build of configuration Debug for project Lab2 ****
make all 
make: Inget behöver göras för "all".
11:21:41 **** Incremental Build of configuration Debug for project Lab3 ****
make all 
make: Inget behöver göras för "all".
